<?xml version="1.0"?>
<link_info>
   <banner>TMS320C55x Linker Unix v4.4.1</banner>
   <copyright>Copyright (c) 1996-2012 Texas Instruments Incorporated</copyright>
   <link_time>0x617b9c1d</link_time>
   <output_file>lab4.out</output_file>
   <entry_point>
      <name>_c_int00</name>
      <address>0x2406e</address>
   </entry_point>
   <input_file_list>
      <input_file id="fl-2">
         <path>./</path>
         <kind>object</kind>
         <file>main.obj</file>
         <name>main.obj</name>
      </input_file>
      <input_file id="fl-1a">
         <path>/opt/ti/ccsv6/tools/compiler/c5500_4.4.1/lib/</path>
         <kind>archive</kind>
         <file>rts55x.lib</file>
         <name>boot.obj</name>
      </input_file>
      <input_file id="fl-1b">
         <path>/opt/ti/ccsv6/tools/compiler/c5500_4.4.1/lib/</path>
         <kind>archive</kind>
         <file>rts55x.lib</file>
         <name>exit.obj</name>
      </input_file>
      <input_file id="fl-1c">
         <path>/opt/ti/ccsv6/tools/compiler/c5500_4.4.1/lib/</path>
         <kind>archive</kind>
         <file>rts55x.lib</file>
         <name>printf.obj</name>
      </input_file>
      <input_file id="fl-1d">
         <path>/opt/ti/ccsv6/tools/compiler/c5500_4.4.1/lib/</path>
         <kind>archive</kind>
         <file>rts55x.lib</file>
         <name>vectors.obj</name>
      </input_file>
      <input_file id="fl-1e">
         <path>/opt/ti/ccsv6/tools/compiler/c5500_4.4.1/lib/</path>
         <kind>archive</kind>
         <file>rts55x.lib</file>
         <name>_lock.obj</name>
      </input_file>
      <input_file id="fl-1f">
         <path>/opt/ti/ccsv6/tools/compiler/c5500_4.4.1/lib/</path>
         <kind>archive</kind>
         <file>rts55x.lib</file>
         <name>_printfi.obj</name>
      </input_file>
      <input_file id="fl-20">
         <path>/opt/ti/ccsv6/tools/compiler/c5500_4.4.1/lib/</path>
         <kind>archive</kind>
         <file>rts55x.lib</file>
         <name>args_main.obj</name>
      </input_file>
      <input_file id="fl-21">
         <path>/opt/ti/ccsv6/tools/compiler/c5500_4.4.1/lib/</path>
         <kind>archive</kind>
         <file>rts55x.lib</file>
         <name>atoi.obj</name>
      </input_file>
      <input_file id="fl-22">
         <path>/opt/ti/ccsv6/tools/compiler/c5500_4.4.1/lib/</path>
         <kind>archive</kind>
         <file>rts55x.lib</file>
         <name>autoinit.obj</name>
      </input_file>
      <input_file id="fl-23">
         <path>/opt/ti/ccsv6/tools/compiler/c5500_4.4.1/lib/</path>
         <kind>archive</kind>
         <file>rts55x.lib</file>
         <name>cmpd.obj</name>
      </input_file>
      <input_file id="fl-24">
         <path>/opt/ti/ccsv6/tools/compiler/c5500_4.4.1/lib/</path>
         <kind>archive</kind>
         <file>rts55x.lib</file>
         <name>ctype.obj</name>
      </input_file>
      <input_file id="fl-25">
         <path>/opt/ti/ccsv6/tools/compiler/c5500_4.4.1/lib/</path>
         <kind>archive</kind>
         <file>rts55x.lib</file>
         <name>defs.obj</name>
      </input_file>
      <input_file id="fl-26">
         <path>/opt/ti/ccsv6/tools/compiler/c5500_4.4.1/lib/</path>
         <kind>archive</kind>
         <file>rts55x.lib</file>
         <name>divd.obj</name>
      </input_file>
      <input_file id="fl-27">
         <path>/opt/ti/ccsv6/tools/compiler/c5500_4.4.1/lib/</path>
         <kind>archive</kind>
         <file>rts55x.lib</file>
         <name>divul.obj</name>
      </input_file>
      <input_file id="fl-28">
         <path>/opt/ti/ccsv6/tools/compiler/c5500_4.4.1/lib/</path>
         <kind>archive</kind>
         <file>rts55x.lib</file>
         <name>fixdi.obj</name>
      </input_file>
      <input_file id="fl-29">
         <path>/opt/ti/ccsv6/tools/compiler/c5500_4.4.1/lib/</path>
         <kind>archive</kind>
         <file>rts55x.lib</file>
         <name>fixdli.obj</name>
      </input_file>
      <input_file id="fl-2a">
         <path>/opt/ti/ccsv6/tools/compiler/c5500_4.4.1/lib/</path>
         <kind>archive</kind>
         <file>rts55x.lib</file>
         <name>fltlid.obj</name>
      </input_file>
      <input_file id="fl-2b">
         <path>/opt/ti/ccsv6/tools/compiler/c5500_4.4.1/lib/</path>
         <kind>archive</kind>
         <file>rts55x.lib</file>
         <name>fputc.obj</name>
      </input_file>
      <input_file id="fl-2c">
         <path>/opt/ti/ccsv6/tools/compiler/c5500_4.4.1/lib/</path>
         <kind>archive</kind>
         <file>rts55x.lib</file>
         <name>fputs.obj</name>
      </input_file>
      <input_file id="fl-2d">
         <path>/opt/ti/ccsv6/tools/compiler/c5500_4.4.1/lib/</path>
         <kind>archive</kind>
         <file>rts55x.lib</file>
         <name>frcmpyd_div.obj</name>
      </input_file>
      <input_file id="fl-2e">
         <path>/opt/ti/ccsv6/tools/compiler/c5500_4.4.1/lib/</path>
         <kind>archive</kind>
         <file>rts55x.lib</file>
         <name>isinf.obj</name>
      </input_file>
      <input_file id="fl-2f">
         <path>/opt/ti/ccsv6/tools/compiler/c5500_4.4.1/lib/</path>
         <kind>archive</kind>
         <file>rts55x.lib</file>
         <name>llmpy.obj</name>
      </input_file>
      <input_file id="fl-30">
         <path>/opt/ti/ccsv6/tools/compiler/c5500_4.4.1/lib/</path>
         <kind>archive</kind>
         <file>rts55x.lib</file>
         <name>lmpy.obj</name>
      </input_file>
      <input_file id="fl-31">
         <path>/opt/ti/ccsv6/tools/compiler/c5500_4.4.1/lib/</path>
         <kind>archive</kind>
         <file>rts55x.lib</file>
         <name>lowlev.obj</name>
      </input_file>
      <input_file id="fl-32">
         <path>/opt/ti/ccsv6/tools/compiler/c5500_4.4.1/lib/</path>
         <kind>archive</kind>
         <file>rts55x.lib</file>
         <name>ltoa.obj</name>
      </input_file>
      <input_file id="fl-33">
         <path>/opt/ti/ccsv6/tools/compiler/c5500_4.4.1/lib/</path>
         <kind>archive</kind>
         <file>rts55x.lib</file>
         <name>memccpy.obj</name>
      </input_file>
      <input_file id="fl-34">
         <path>/opt/ti/ccsv6/tools/compiler/c5500_4.4.1/lib/</path>
         <kind>archive</kind>
         <file>rts55x.lib</file>
         <name>memcpy.obj</name>
      </input_file>
      <input_file id="fl-35">
         <path>/opt/ti/ccsv6/tools/compiler/c5500_4.4.1/lib/</path>
         <kind>archive</kind>
         <file>rts55x.lib</file>
         <name>mpyd.obj</name>
      </input_file>
      <input_file id="fl-36">
         <path>/opt/ti/ccsv6/tools/compiler/c5500_4.4.1/lib/</path>
         <kind>archive</kind>
         <file>rts55x.lib</file>
         <name>negd.obj</name>
      </input_file>
      <input_file id="fl-37">
         <path>/opt/ti/ccsv6/tools/compiler/c5500_4.4.1/lib/</path>
         <kind>archive</kind>
         <file>rts55x.lib</file>
         <name>remli.obj</name>
      </input_file>
      <input_file id="fl-38">
         <path>/opt/ti/ccsv6/tools/compiler/c5500_4.4.1/lib/</path>
         <kind>archive</kind>
         <file>rts55x.lib</file>
         <name>remul.obj</name>
      </input_file>
      <input_file id="fl-39">
         <path>/opt/ti/ccsv6/tools/compiler/c5500_4.4.1/lib/</path>
         <kind>archive</kind>
         <file>rts55x.lib</file>
         <name>subd.obj</name>
      </input_file>
      <input_file id="fl-3a">
         <path>/opt/ti/ccsv6/tools/compiler/c5500_4.4.1/lib/</path>
         <kind>archive</kind>
         <file>rts55x.lib</file>
         <name>trgdrv.obj</name>
      </input_file>
      <input_file id="fl-3b">
         <path>/opt/ti/ccsv6/tools/compiler/c5500_4.4.1/lib/</path>
         <kind>archive</kind>
         <file>rts55x.lib</file>
         <name>trgmsg.obj</name>
      </input_file>
      <input_file id="fl-3c">
         <path>/opt/ti/ccsv6/tools/compiler/c5500_4.4.1/lib/</path>
         <kind>archive</kind>
         <file>rts55x.lib</file>
         <name>udiv.obj</name>
      </input_file>
      <input_file id="fl-3d">
         <path>/opt/ti/ccsv6/tools/compiler/c5500_4.4.1/lib/</path>
         <kind>archive</kind>
         <file>rts55x.lib</file>
         <name>_io_perm.obj</name>
      </input_file>
      <input_file id="fl-3e">
         <path>/opt/ti/ccsv6/tools/compiler/c5500_4.4.1/lib/</path>
         <kind>archive</kind>
         <file>rts55x.lib</file>
         <name>addd.obj</name>
      </input_file>
      <input_file id="fl-3f">
         <path>/opt/ti/ccsv6/tools/compiler/c5500_4.4.1/lib/</path>
         <kind>archive</kind>
         <file>rts55x.lib</file>
         <name>divli.obj</name>
      </input_file>
      <input_file id="fl-40">
         <path>/opt/ti/ccsv6/tools/compiler/c5500_4.4.1/lib/</path>
         <kind>archive</kind>
         <file>rts55x.lib</file>
         <name>fflush.obj</name>
      </input_file>
      <input_file id="fl-41">
         <path>/opt/ti/ccsv6/tools/compiler/c5500_4.4.1/lib/</path>
         <kind>archive</kind>
         <file>rts55x.lib</file>
         <name>frcmpyd.obj</name>
      </input_file>
      <input_file id="fl-42">
         <path>/opt/ti/ccsv6/tools/compiler/c5500_4.4.1/lib/</path>
         <kind>archive</kind>
         <file>rts55x.lib</file>
         <name>fseek.obj</name>
      </input_file>
      <input_file id="fl-43">
         <path>/opt/ti/ccsv6/tools/compiler/c5500_4.4.1/lib/</path>
         <kind>archive</kind>
         <file>rts55x.lib</file>
         <name>setvbuf.obj</name>
      </input_file>
      <input_file id="fl-44">
         <path>/opt/ti/ccsv6/tools/compiler/c5500_4.4.1/lib/</path>
         <kind>archive</kind>
         <file>rts55x.lib</file>
         <name>fopen.obj</name>
      </input_file>
      <input_file id="fl-45">
         <path>/opt/ti/ccsv6/tools/compiler/c5500_4.4.1/lib/</path>
         <kind>archive</kind>
         <file>rts55x.lib</file>
         <name>memory.obj</name>
      </input_file>
      <input_file id="fl-46">
         <path>/opt/ti/ccsv6/tools/compiler/c5500_4.4.1/lib/</path>
         <kind>archive</kind>
         <file>rts55x.lib</file>
         <name>fclose.obj</name>
      </input_file>
      <input_file id="fl-47">
         <path>/opt/ti/ccsv6/tools/compiler/c5500_4.4.1/lib/</path>
         <kind>archive</kind>
         <file>rts55x.lib</file>
         <name>remove.obj</name>
      </input_file>
   </input_file_list>
   <object_component_list>
      <object_component id="oc-33">
         <name>.text</name>
         <load_address>0x20000</load_address>
         <run_address>0x20000</run_address>
         <size>0x15a4</size>
         <input_file_ref idref="fl-1f"/>
      </object_component>
      <object_component id="oc-7d">
         <name>.text</name>
         <load_address>0x215a4</load_address>
         <run_address>0x215a4</run_address>
         <size>0x543</size>
         <input_file_ref idref="fl-31"/>
      </object_component>
      <object_component id="oc-a3">
         <name>.text</name>
         <load_address>0x21ae7</load_address>
         <run_address>0x21ae7</run_address>
         <size>0x528</size>
         <input_file_ref idref="fl-3a"/>
      </object_component>
      <object_component id="oc-d4">
         <name>.text</name>
         <load_address>0x2200f</load_address>
         <run_address>0x2200f</run_address>
         <size>0x4b5</size>
         <input_file_ref idref="fl-45"/>
      </object_component>
      <object_component id="oc-4f">
         <name>.text</name>
         <load_address>0x224c4</load_address>
         <run_address>0x224c4</run_address>
         <size>0x3cc</size>
         <input_file_ref idref="fl-26"/>
      </object_component>
      <object_component id="oc-ce">
         <name>.text</name>
         <load_address>0x22890</load_address>
         <run_address>0x22890</run_address>
         <size>0x27f</size>
         <input_file_ref idref="fl-44"/>
      </object_component>
      <object_component id="oc-75">
         <name>.text</name>
         <load_address>0x22b0f</load_address>
         <run_address>0x22b0f</run_address>
         <size>0x25e</size>
         <input_file_ref idref="fl-2f"/>
      </object_component>
      <object_component id="oc-b6">
         <name>.text</name>
         <load_address>0x22d6d</load_address>
         <run_address>0x22d6d</run_address>
         <size>0x25a</size>
         <input_file_ref idref="fl-3e"/>
      </object_component>
      <object_component id="oc-45">
         <name>.text</name>
         <load_address>0x22fc7</load_address>
         <run_address>0x22fc7</run_address>
         <size>0x1ea</size>
         <input_file_ref idref="fl-23"/>
      </object_component>
      <object_component id="oc-68">
         <name>.text</name>
         <load_address>0x231b1</load_address>
         <run_address>0x231b1</run_address>
         <size>0x163</size>
         <input_file_ref idref="fl-2c"/>
      </object_component>
      <object_component id="oc-8f">
         <name>.text</name>
         <load_address>0x23314</load_address>
         <run_address>0x23314</run_address>
         <size>0x14c</size>
         <input_file_ref idref="fl-35"/>
      </object_component>
      <object_component id="oc-12">
         <name>.text</name>
         <load_address>0x23460</load_address>
         <run_address>0x23460</run_address>
         <size>0x133</size>
         <input_file_ref idref="fl-2"/>
      </object_component>
      <object_component id="oc-ca">
         <name>.text</name>
         <load_address>0x23593</load_address>
         <run_address>0x23593</run_address>
         <size>0xe6</size>
         <input_file_ref idref="fl-43"/>
      </object_component>
      <object_component id="oc-b2">
         <name>.text</name>
         <load_address>0x23679</load_address>
         <run_address>0x23679</run_address>
         <size>0xdd</size>
         <input_file_ref idref="fl-3d"/>
      </object_component>
      <object_component id="oc-be">
         <name>.text</name>
         <load_address>0x23756</load_address>
         <run_address>0x23756</run_address>
         <size>0xc2</size>
         <input_file_ref idref="fl-40"/>
      </object_component>
      <object_component id="oc-ab">
         <name>.text:CIO_breakpoint</name>
         <load_address>0x23818</load_address>
         <run_address>0x23818</run_address>
         <size>0xba</size>
         <input_file_ref idref="fl-3b"/>
      </object_component>
      <object_component id="oc-64">
         <name>.text</name>
         <load_address>0x238d2</load_address>
         <run_address>0x238d2</run_address>
         <size>0xa6</size>
         <input_file_ref idref="fl-2b"/>
      </object_component>
      <object_component id="oc-53">
         <name>.text</name>
         <load_address>0x23978</load_address>
         <run_address>0x23978</run_address>
         <size>0xa1</size>
         <input_file_ref idref="fl-27"/>
      </object_component>
      <object_component id="oc-83">
         <name>.text</name>
         <load_address>0x23a19</load_address>
         <run_address>0x23a19</run_address>
         <size>0x7d</size>
         <input_file_ref idref="fl-32"/>
      </object_component>
      <object_component id="oc-db">
         <name>.text</name>
         <load_address>0x23a96</load_address>
         <run_address>0x23a96</run_address>
         <size>0x7b</size>
         <input_file_ref idref="fl-46"/>
      </object_component>
      <object_component id="oc-c2">
         <name>.text</name>
         <load_address>0x23b11</load_address>
         <run_address>0x23b11</run_address>
         <size>0x76</size>
         <input_file_ref idref="fl-41"/>
      </object_component>
      <object_component id="oc-6d">
         <name>.text</name>
         <load_address>0x23b87</load_address>
         <run_address>0x23b87</run_address>
         <size>0x73</size>
         <input_file_ref idref="fl-2d"/>
      </object_component>
      <object_component id="oc-9b">
         <name>.text</name>
         <load_address>0x23bfa</load_address>
         <run_address>0x23bfa</run_address>
         <size>0x72</size>
         <input_file_ref idref="fl-38"/>
      </object_component>
      <object_component id="oc-5b">
         <name>.text</name>
         <load_address>0x23c6c</load_address>
         <run_address>0x23c6c</run_address>
         <size>0x6f</size>
         <input_file_ref idref="fl-29"/>
      </object_component>
      <object_component id="oc-a8">
         <name>.text</name>
         <load_address>0x23cdb</load_address>
         <run_address>0x23cdb</run_address>
         <size>0x6d</size>
         <input_file_ref idref="fl-3b"/>
      </object_component>
      <object_component id="oc-c6">
         <name>.text</name>
         <load_address>0x23d48</load_address>
         <run_address>0x23d48</run_address>
         <size>0x6b</size>
         <input_file_ref idref="fl-42"/>
      </object_component>
      <object_component id="oc-5f">
         <name>.text</name>
         <load_address>0x23db3</load_address>
         <run_address>0x23db3</run_address>
         <size>0x67</size>
         <input_file_ref idref="fl-2a"/>
      </object_component>
      <object_component id="oc-3d">
         <name>.text</name>
         <load_address>0x23e1a</load_address>
         <run_address>0x23e1a</run_address>
         <size>0x5c</size>
         <input_file_ref idref="fl-21"/>
      </object_component>
      <object_component id="oc-25">
         <name>.text</name>
         <load_address>0x23e76</load_address>
         <run_address>0x23e76</run_address>
         <size>0x50</size>
         <input_file_ref idref="fl-1c"/>
      </object_component>
      <object_component id="oc-41">
         <name>.text</name>
         <load_address>0x23ec6</load_address>
         <run_address>0x23ec6</run_address>
         <size>0x4d</size>
         <input_file_ref idref="fl-22"/>
      </object_component>
      <object_component id="oc-39">
         <name>.text</name>
         <load_address>0x23f13</load_address>
         <run_address>0x23f13</run_address>
         <size>0x4b</size>
         <input_file_ref idref="fl-20"/>
      </object_component>
      <object_component id="oc-97">
         <name>.text</name>
         <load_address>0x23f5e</load_address>
         <run_address>0x23f5e</run_address>
         <size>0x4b</size>
         <input_file_ref idref="fl-37"/>
      </object_component>
      <object_component id="oc-ba">
         <name>.text</name>
         <load_address>0x23fa9</load_address>
         <run_address>0x23fa9</run_address>
         <size>0x48</size>
         <input_file_ref idref="fl-3f"/>
      </object_component>
      <object_component id="oc-8b">
         <name>.text</name>
         <load_address>0x23ff1</load_address>
         <run_address>0x23ff1</run_address>
         <size>0x3f</size>
         <input_file_ref idref="fl-34"/>
      </object_component>
      <object_component id="oc-1e">
         <name>.text</name>
         <load_address>0x24030</load_address>
         <run_address>0x24030</run_address>
         <size>0x3e</size>
         <input_file_ref idref="fl-1b"/>
      </object_component>
      <object_component id="oc-10">
         <name>.text</name>
         <load_address>0x2406e</load_address>
         <run_address>0x2406e</run_address>
         <size>0x34</size>
         <input_file_ref idref="fl-1a"/>
      </object_component>
      <object_component id="oc-57">
         <name>.text</name>
         <load_address>0x240a2</load_address>
         <run_address>0x240a2</run_address>
         <size>0x2a</size>
         <input_file_ref idref="fl-28"/>
      </object_component>
      <object_component id="oc-ae">
         <name>.text</name>
         <load_address>0x240cc</load_address>
         <run_address>0x240cc</run_address>
         <size>0x2a</size>
         <input_file_ref idref="fl-3c"/>
      </object_component>
      <object_component id="oc-87">
         <name>.text</name>
         <load_address>0x240f6</load_address>
         <run_address>0x240f6</run_address>
         <size>0x23</size>
         <input_file_ref idref="fl-33"/>
      </object_component>
      <object_component id="oc-71">
         <name>.text</name>
         <load_address>0x24119</load_address>
         <run_address>0x24119</run_address>
         <size>0x1a</size>
         <input_file_ref idref="fl-2e"/>
      </object_component>
      <object_component id="oc-9f">
         <name>.text</name>
         <load_address>0x24133</load_address>
         <run_address>0x24133</run_address>
         <size>0x14</size>
         <input_file_ref idref="fl-39"/>
      </object_component>
      <object_component id="oc-79">
         <name>.text</name>
         <load_address>0x24147</load_address>
         <run_address>0x24147</run_address>
         <size>0x13</size>
         <input_file_ref idref="fl-30"/>
      </object_component>
      <object_component id="oc-2d">
         <name>.text</name>
         <load_address>0x2415a</load_address>
         <run_address>0x2415a</run_address>
         <size>0x12</size>
         <input_file_ref idref="fl-1e"/>
      </object_component>
      <object_component id="oc-93">
         <name>.text</name>
         <load_address>0x2416c</load_address>
         <run_address>0x2416c</run_address>
         <size>0x10</size>
         <input_file_ref idref="fl-36"/>
      </object_component>
      <object_component id="oc-df">
         <name>.text</name>
         <load_address>0x2417c</load_address>
         <run_address>0x2417c</run_address>
         <size>0xa</size>
         <input_file_ref idref="fl-47"/>
      </object_component>
      <object_component id="oc-22">
         <name>.text:CIO_breakpoint</name>
         <load_address>0x24186</load_address>
         <run_address>0x24186</run_address>
         <size>0x7</size>
         <input_file_ref idref="fl-1b"/>
      </object_component>
      <object_component id="oc-29">
         <name>.text</name>
         <load_address>0x2418d</load_address>
         <run_address>0x2418d</run_address>
         <size>0x2</size>
         <input_file_ref idref="fl-1d"/>
      </object_component>
      <object_component id="oc-1a">
         <name>.stack</name>
         <uninitialized>true</uninitialized>
         <run_address>0xc0</run_address>
         <size>0x0</size>
         <input_file_ref idref="fl-1a"/>
      </object_component>
      <object_component id="oc-fd">
         <name>.stack</name>
         <uninitialized>true</uninitialized>
         <run_address>0xc0</run_address>
         <size>0x0</size>
      </object_component>
      <object_component id="oc-e3">
         <name>.sysstack</name>
         <uninitialized>true</uninitialized>
         <run_address>0x20c0</run_address>
         <size>0x0</size>
         <input_file_ref idref="fl-1a"/>
      </object_component>
      <object_component id="oc-ff">
         <name>.sysstack</name>
         <uninitialized>true</uninitialized>
         <run_address>0x20c0</run_address>
         <size>0x0</size>
      </object_component>
      <object_component id="oc-4b">
         <name>.bss</name>
         <uninitialized>true</uninitialized>
         <run_address>0x50c0</run_address>
         <size>0x232</size>
         <input_file_ref idref="fl-25"/>
      </object_component>
      <object_component id="oc-a4">
         <name>.bss</name>
         <uninitialized>true</uninitialized>
         <run_address>0x52f2</run_address>
         <size>0x1a0</size>
         <input_file_ref idref="fl-3a"/>
      </object_component>
      <object_component id="oc-cf">
         <name>.bss</name>
         <uninitialized>true</uninitialized>
         <run_address>0x5492</run_address>
         <size>0x2</size>
         <input_file_ref idref="fl-44"/>
      </object_component>
      <object_component id="oc-7e">
         <name>.bss</name>
         <uninitialized>true</uninitialized>
         <run_address>0x5494</run_address>
         <size>0xe2</size>
         <input_file_ref idref="fl-31"/>
      </object_component>
      <object_component id="oc-13">
         <name>.bss</name>
         <uninitialized>true</uninitialized>
         <run_address>0x5578</run_address>
         <size>0x86</size>
         <input_file_ref idref="fl-2"/>
      </object_component>
      <object_component id="oc-d5">
         <name>.bss</name>
         <uninitialized>true</uninitialized>
         <run_address>0x5600</run_address>
         <size>0xc</size>
         <input_file_ref idref="fl-45"/>
      </object_component>
      <object_component id="oc-2e">
         <name>.bss</name>
         <uninitialized>true</uninitialized>
         <run_address>0x560c</run_address>
         <size>0x8</size>
         <input_file_ref idref="fl-1e"/>
      </object_component>
      <object_component id="oc-1f">
         <name>.bss</name>
         <uninitialized>true</uninitialized>
         <run_address>0x5614</run_address>
         <size>0x8</size>
         <input_file_ref idref="fl-1b"/>
      </object_component>
      <object_component id="oc-e4">
         <name>.const:__ctypes_</name>
         <load_address>0x561c</load_address>
         <run_address>0x561c</run_address>
         <size>0x202</size>
         <input_file_ref idref="fl-24"/>
      </object_component>
      <object_component id="oc-36">
         <name>.const:.string</name>
         <load_address>0x5820</load_address>
         <run_address>0x5820</run_address>
         <size>0x48</size>
         <input_file_ref idref="fl-1f"/>
      </object_component>
      <object_component id="oc-35">
         <name>.const</name>
         <load_address>0x5868</load_address>
         <run_address>0x5868</run_address>
         <size>0x18</size>
         <input_file_ref idref="fl-1f"/>
      </object_component>
      <object_component id="oc-16">
         <name>.const:.string</name>
         <load_address>0x5880</load_address>
         <run_address>0x5880</run_address>
         <size>0x16</size>
         <input_file_ref idref="fl-2"/>
      </object_component>
      <object_component id="oc-e5">
         <name>.const:_initial_approx$1</name>
         <load_address>0x5896</load_address>
         <run_address>0x5896</run_address>
         <size>0x10</size>
         <input_file_ref idref="fl-26"/>
      </object_component>
      <object_component id="oc-6a">
         <name>.const:.string</name>
         <load_address>0x58a8</load_address>
         <run_address>0x58a8</run_address>
         <size>0x4</size>
         <input_file_ref idref="fl-2c"/>
      </object_component>
      <object_component id="oc-61">
         <name>.const</name>
         <load_address>0x58ac</load_address>
         <run_address>0x58ac</run_address>
         <size>0x4</size>
         <input_file_ref idref="fl-2a"/>
      </object_component>
      <object_component id="oc-d8">
         <name>.sysmem</name>
         <uninitialized>true</uninitialized>
         <run_address>0x30c0</run_address>
         <size>0x0</size>
         <input_file_ref idref="fl-45"/>
      </object_component>
      <object_component id="oc-fe">
         <name>.sysmem</name>
         <uninitialized>true</uninitialized>
         <run_address>0x30c0</run_address>
         <size>0x0</size>
      </object_component>
      <object_component id="oc-15">
         <name>.cinit</name>
         <load_address>0x40240</load_address>
         <run_address>0x40240</run_address>
         <size>0x5a</size>
         <input_file_ref idref="fl-2"/>
      </object_component>
      <object_component id="oc-80">
         <name>.cinit</name>
         <load_address>0x4029a</load_address>
         <run_address>0x4029a</run_address>
         <size>0x5a</size>
         <input_file_ref idref="fl-31"/>
      </object_component>
      <object_component id="oc-4d">
         <name>.cinit</name>
         <load_address>0x402f4</load_address>
         <run_address>0x402f4</run_address>
         <size>0x54</size>
         <input_file_ref idref="fl-25"/>
      </object_component>
      <object_component id="oc-30">
         <name>.cinit</name>
         <load_address>0x40348</load_address>
         <run_address>0x40348</run_address>
         <size>0x14</size>
         <input_file_ref idref="fl-1e"/>
      </object_component>
      <object_component id="oc-21">
         <name>.cinit</name>
         <load_address>0x4035c</load_address>
         <run_address>0x4035c</run_address>
         <size>0x14</size>
         <input_file_ref idref="fl-1b"/>
      </object_component>
      <object_component id="oc-d1">
         <name>.cinit</name>
         <load_address>0x40370</load_address>
         <run_address>0x40370</run_address>
         <size>0x8</size>
         <input_file_ref idref="fl-44"/>
      </object_component>
      <object_component id="oc-d7">
         <name>.cinit</name>
         <load_address>0x40378</load_address>
         <run_address>0x40378</run_address>
         <size>0x8</size>
         <input_file_ref idref="fl-45"/>
      </object_component>
      <object_component id="oc-aa">
         <name>.cio</name>
         <uninitialized>true</uninitialized>
         <run_address>0x40000</run_address>
         <size>0x240</size>
         <input_file_ref idref="fl-3b"/>
      </object_component>
      <object_component id="oc-11">
         <name>vectors</name>
         <load_address>0x4fe00</load_address>
         <run_address>0x4fe00</run_address>
         <size>0x100</size>
         <input_file_ref idref="fl-1d"/>
      </object_component>
      <object_component id="oc-14">
         <name>.debug_info</name>
         <load_address>0x0</load_address>
         <run_address>0x0</run_address>
         <size>0x765</size>
         <input_file_ref idref="fl-2"/>
      </object_component>
      <object_component id="oc-1b">
         <name>.debug_info</name>
         <load_address>0x765</load_address>
         <run_address>0x765</run_address>
         <size>0xe8</size>
         <input_file_ref idref="fl-1a"/>
      </object_component>
      <object_component id="oc-20">
         <name>.debug_info</name>
         <load_address>0x84d</load_address>
         <run_address>0x84d</run_address>
         <size>0x5fb</size>
         <input_file_ref idref="fl-1b"/>
      </object_component>
      <object_component id="oc-26">
         <name>.debug_info</name>
         <load_address>0xe48</load_address>
         <run_address>0xe48</run_address>
         <size>0x76c</size>
         <input_file_ref idref="fl-1c"/>
      </object_component>
      <object_component id="oc-2a">
         <name>.debug_info</name>
         <load_address>0x15b4</load_address>
         <run_address>0x15b4</run_address>
         <size>0xbc</size>
         <input_file_ref idref="fl-1d"/>
      </object_component>
      <object_component id="oc-2f">
         <name>.debug_info</name>
         <load_address>0x1670</load_address>
         <run_address>0x1670</run_address>
         <size>0x5bc</size>
         <input_file_ref idref="fl-1e"/>
      </object_component>
      <object_component id="oc-34">
         <name>.debug_info</name>
         <load_address>0x1c2c</load_address>
         <run_address>0x1c2c</run_address>
         <size>0x27bd</size>
         <input_file_ref idref="fl-1f"/>
      </object_component>
      <object_component id="oc-3a">
         <name>.debug_info</name>
         <load_address>0x43e9</load_address>
         <run_address>0x43e9</run_address>
         <size>0x586</size>
         <input_file_ref idref="fl-20"/>
      </object_component>
      <object_component id="oc-3e">
         <name>.debug_info</name>
         <load_address>0x496f</load_address>
         <run_address>0x496f</run_address>
         <size>0x5a4</size>
         <input_file_ref idref="fl-21"/>
      </object_component>
      <object_component id="oc-42">
         <name>.debug_info</name>
         <load_address>0x4f13</load_address>
         <run_address>0x4f13</run_address>
         <size>0xcd</size>
         <input_file_ref idref="fl-22"/>
      </object_component>
      <object_component id="oc-46">
         <name>.debug_info</name>
         <load_address>0x4fe0</load_address>
         <run_address>0x4fe0</run_address>
         <size>0x81f</size>
         <input_file_ref idref="fl-23"/>
      </object_component>
      <object_component id="oc-49">
         <name>.debug_info</name>
         <load_address>0x57ff</load_address>
         <run_address>0x57ff</run_address>
         <size>0x498</size>
         <input_file_ref idref="fl-24"/>
      </object_component>
      <object_component id="oc-4c">
         <name>.debug_info</name>
         <load_address>0x5c97</load_address>
         <run_address>0x5c97</run_address>
         <size>0x57e</size>
         <input_file_ref idref="fl-25"/>
      </object_component>
      <object_component id="oc-50">
         <name>.debug_info</name>
         <load_address>0x6215</load_address>
         <run_address>0x6215</run_address>
         <size>0x7e8</size>
         <input_file_ref idref="fl-26"/>
      </object_component>
      <object_component id="oc-54">
         <name>.debug_info</name>
         <load_address>0x69fd</load_address>
         <run_address>0x69fd</run_address>
         <size>0x534</size>
         <input_file_ref idref="fl-27"/>
      </object_component>
      <object_component id="oc-58">
         <name>.debug_info</name>
         <load_address>0x6f31</load_address>
         <run_address>0x6f31</run_address>
         <size>0x4cf</size>
         <input_file_ref idref="fl-28"/>
      </object_component>
      <object_component id="oc-5c">
         <name>.debug_info</name>
         <load_address>0x7400</load_address>
         <run_address>0x7400</run_address>
         <size>0x534</size>
         <input_file_ref idref="fl-29"/>
      </object_component>
      <object_component id="oc-60">
         <name>.debug_info</name>
         <load_address>0x7934</load_address>
         <run_address>0x7934</run_address>
         <size>0x549</size>
         <input_file_ref idref="fl-2a"/>
      </object_component>
      <object_component id="oc-65">
         <name>.debug_info</name>
         <load_address>0x7e7d</load_address>
         <run_address>0x7e7d</run_address>
         <size>0x6aa</size>
         <input_file_ref idref="fl-2b"/>
      </object_component>
      <object_component id="oc-69">
         <name>.debug_info</name>
         <load_address>0x8527</load_address>
         <run_address>0x8527</run_address>
         <size>0x942</size>
         <input_file_ref idref="fl-2c"/>
      </object_component>
      <object_component id="oc-6e">
         <name>.debug_info</name>
         <load_address>0x8e69</load_address>
         <run_address>0x8e69</run_address>
         <size>0x53e</size>
         <input_file_ref idref="fl-2d"/>
      </object_component>
      <object_component id="oc-72">
         <name>.debug_info</name>
         <load_address>0x93a7</load_address>
         <run_address>0x93a7</run_address>
         <size>0x680</size>
         <input_file_ref idref="fl-2e"/>
      </object_component>
      <object_component id="oc-76">
         <name>.debug_info</name>
         <load_address>0x9a27</load_address>
         <run_address>0x9a27</run_address>
         <size>0x7d4</size>
         <input_file_ref idref="fl-2f"/>
      </object_component>
      <object_component id="oc-7a">
         <name>.debug_info</name>
         <load_address>0xa1fb</load_address>
         <run_address>0xa1fb</run_address>
         <size>0xbd</size>
         <input_file_ref idref="fl-30"/>
      </object_component>
      <object_component id="oc-7f">
         <name>.debug_info</name>
         <load_address>0xa2b8</load_address>
         <run_address>0xa2b8</run_address>
         <size>0x144b</size>
         <input_file_ref idref="fl-31"/>
      </object_component>
      <object_component id="oc-84">
         <name>.debug_info</name>
         <load_address>0xb703</load_address>
         <run_address>0xb703</run_address>
         <size>0x5ad</size>
         <input_file_ref idref="fl-32"/>
      </object_component>
      <object_component id="oc-88">
         <name>.debug_info</name>
         <load_address>0xbcb0</load_address>
         <run_address>0xbcb0</run_address>
         <size>0x574</size>
         <input_file_ref idref="fl-33"/>
      </object_component>
      <object_component id="oc-8c">
         <name>.debug_info</name>
         <load_address>0xc224</load_address>
         <run_address>0xc224</run_address>
         <size>0xd1</size>
         <input_file_ref idref="fl-34"/>
      </object_component>
      <object_component id="oc-90">
         <name>.debug_info</name>
         <load_address>0xc2f5</load_address>
         <run_address>0xc2f5</run_address>
         <size>0x55b</size>
         <input_file_ref idref="fl-35"/>
      </object_component>
      <object_component id="oc-94">
         <name>.debug_info</name>
         <load_address>0xc850</load_address>
         <run_address>0xc850</run_address>
         <size>0x4b7</size>
         <input_file_ref idref="fl-36"/>
      </object_component>
      <object_component id="oc-98">
         <name>.debug_info</name>
         <load_address>0xcd07</load_address>
         <run_address>0xcd07</run_address>
         <size>0x4f2</size>
         <input_file_ref idref="fl-37"/>
      </object_component>
      <object_component id="oc-9c">
         <name>.debug_info</name>
         <load_address>0xd1f9</load_address>
         <run_address>0xd1f9</run_address>
         <size>0x534</size>
         <input_file_ref idref="fl-38"/>
      </object_component>
      <object_component id="oc-a0">
         <name>.debug_info</name>
         <load_address>0xd72d</load_address>
         <run_address>0xd72d</run_address>
         <size>0x4de</size>
         <input_file_ref idref="fl-39"/>
      </object_component>
      <object_component id="oc-a5">
         <name>.debug_info</name>
         <load_address>0xdc0b</load_address>
         <run_address>0xdc0b</run_address>
         <size>0xed4</size>
         <input_file_ref idref="fl-3a"/>
      </object_component>
      <object_component id="oc-a9">
         <name>.debug_info</name>
         <load_address>0xeadf</load_address>
         <run_address>0xeadf</run_address>
         <size>0x744</size>
         <input_file_ref idref="fl-3b"/>
      </object_component>
      <object_component id="oc-af">
         <name>.debug_info</name>
         <load_address>0xf223</load_address>
         <run_address>0xf223</run_address>
         <size>0xef</size>
         <input_file_ref idref="fl-3c"/>
      </object_component>
      <object_component id="oc-b3">
         <name>.debug_info</name>
         <load_address>0xf312</load_address>
         <run_address>0xf312</run_address>
         <size>0x662</size>
         <input_file_ref idref="fl-3d"/>
      </object_component>
      <object_component id="oc-b7">
         <name>.debug_info</name>
         <load_address>0xf974</load_address>
         <run_address>0xf974</run_address>
         <size>0x5ab</size>
         <input_file_ref idref="fl-3e"/>
      </object_component>
      <object_component id="oc-bb">
         <name>.debug_info</name>
         <load_address>0xff1f</load_address>
         <run_address>0xff1f</run_address>
         <size>0x4f2</size>
         <input_file_ref idref="fl-3f"/>
      </object_component>
      <object_component id="oc-bf">
         <name>.debug_info</name>
         <load_address>0x10411</load_address>
         <run_address>0x10411</run_address>
         <size>0x706</size>
         <input_file_ref idref="fl-40"/>
      </object_component>
      <object_component id="oc-c3">
         <name>.debug_info</name>
         <load_address>0x10b17</load_address>
         <run_address>0x10b17</run_address>
         <size>0x4d2</size>
         <input_file_ref idref="fl-41"/>
      </object_component>
      <object_component id="oc-c7">
         <name>.debug_info</name>
         <load_address>0x10fe9</load_address>
         <run_address>0x10fe9</run_address>
         <size>0x5f7</size>
         <input_file_ref idref="fl-42"/>
      </object_component>
      <object_component id="oc-cb">
         <name>.debug_info</name>
         <load_address>0x115e0</load_address>
         <run_address>0x115e0</run_address>
         <size>0x64a</size>
         <input_file_ref idref="fl-43"/>
      </object_component>
      <object_component id="oc-d0">
         <name>.debug_info</name>
         <load_address>0x11c2a</load_address>
         <run_address>0x11c2a</run_address>
         <size>0xa1c</size>
         <input_file_ref idref="fl-44"/>
      </object_component>
      <object_component id="oc-d6">
         <name>.debug_info</name>
         <load_address>0x12646</load_address>
         <run_address>0x12646</run_address>
         <size>0xb97</size>
         <input_file_ref idref="fl-45"/>
      </object_component>
      <object_component id="oc-dc">
         <name>.debug_info</name>
         <load_address>0x131dd</load_address>
         <run_address>0x131dd</run_address>
         <size>0x64f</size>
         <input_file_ref idref="fl-46"/>
      </object_component>
      <object_component id="oc-e0">
         <name>.debug_info</name>
         <load_address>0x1382c</load_address>
         <run_address>0x1382c</run_address>
         <size>0x510</size>
         <input_file_ref idref="fl-47"/>
      </object_component>
      <object_component id="oc-108">
         <name>.debug_info</name>
         <load_address>0x13d3c</load_address>
         <run_address>0x13d3c</run_address>
         <size>0x70</size>
      </object_component>
      <object_component id="oc-17">
         <name>.debug_frame</name>
         <load_address>0x0</load_address>
         <run_address>0x0</run_address>
         <size>0x102</size>
         <input_file_ref idref="fl-2"/>
      </object_component>
      <object_component id="oc-18">
         <name>.debug_line</name>
         <load_address>0x0</load_address>
         <run_address>0x0</run_address>
         <size>0xaf</size>
         <input_file_ref idref="fl-2"/>
      </object_component>
      <object_component id="oc-1c">
         <name>.debug_line</name>
         <load_address>0xaf</load_address>
         <run_address>0xaf</run_address>
         <size>0x54</size>
         <input_file_ref idref="fl-1a"/>
      </object_component>
      <object_component id="oc-23">
         <name>.debug_line</name>
         <load_address>0x103</load_address>
         <run_address>0x103</run_address>
         <size>0x51</size>
         <input_file_ref idref="fl-1b"/>
      </object_component>
      <object_component id="oc-27">
         <name>.debug_line</name>
         <load_address>0x154</load_address>
         <run_address>0x154</run_address>
         <size>0x69</size>
         <input_file_ref idref="fl-1c"/>
      </object_component>
      <object_component id="oc-2b">
         <name>.debug_line</name>
         <load_address>0x1bd</load_address>
         <run_address>0x1bd</run_address>
         <size>0x37</size>
         <input_file_ref idref="fl-1d"/>
      </object_component>
      <object_component id="oc-31">
         <name>.debug_line</name>
         <load_address>0x1f4</load_address>
         <run_address>0x1f4</run_address>
         <size>0x57</size>
         <input_file_ref idref="fl-1e"/>
      </object_component>
      <object_component id="oc-37">
         <name>.debug_line</name>
         <load_address>0x24b</load_address>
         <run_address>0x24b</run_address>
         <size>0x328</size>
         <input_file_ref idref="fl-1f"/>
      </object_component>
      <object_component id="oc-3b">
         <name>.debug_line</name>
         <load_address>0x573</load_address>
         <run_address>0x573</run_address>
         <size>0x41</size>
         <input_file_ref idref="fl-20"/>
      </object_component>
      <object_component id="oc-3f">
         <name>.debug_line</name>
         <load_address>0x5b4</load_address>
         <run_address>0x5b4</run_address>
         <size>0x46</size>
         <input_file_ref idref="fl-21"/>
      </object_component>
      <object_component id="oc-43">
         <name>.debug_line</name>
         <load_address>0x5fa</load_address>
         <run_address>0x5fa</run_address>
         <size>0x55</size>
         <input_file_ref idref="fl-22"/>
      </object_component>
      <object_component id="oc-47">
         <name>.debug_line</name>
         <load_address>0x64f</load_address>
         <run_address>0x64f</run_address>
         <size>0xad</size>
         <input_file_ref idref="fl-23"/>
      </object_component>
      <object_component id="oc-51">
         <name>.debug_line</name>
         <load_address>0x6fc</load_address>
         <run_address>0x6fc</run_address>
         <size>0x5b</size>
         <input_file_ref idref="fl-26"/>
      </object_component>
      <object_component id="oc-55">
         <name>.debug_line</name>
         <load_address>0x757</load_address>
         <run_address>0x757</run_address>
         <size>0x44</size>
         <input_file_ref idref="fl-27"/>
      </object_component>
      <object_component id="oc-59">
         <name>.debug_line</name>
         <load_address>0x79b</load_address>
         <run_address>0x79b</run_address>
         <size>0x3d</size>
         <input_file_ref idref="fl-28"/>
      </object_component>
      <object_component id="oc-5d">
         <name>.debug_line</name>
         <load_address>0x7d8</load_address>
         <run_address>0x7d8</run_address>
         <size>0x3d</size>
         <input_file_ref idref="fl-29"/>
      </object_component>
      <object_component id="oc-62">
         <name>.debug_line</name>
         <load_address>0x815</load_address>
         <run_address>0x815</run_address>
         <size>0x44</size>
         <input_file_ref idref="fl-2a"/>
      </object_component>
      <object_component id="oc-66">
         <name>.debug_line</name>
         <load_address>0x859</load_address>
         <run_address>0x859</run_address>
         <size>0x56</size>
         <input_file_ref idref="fl-2b"/>
      </object_component>
      <object_component id="oc-6b">
         <name>.debug_line</name>
         <load_address>0x8af</load_address>
         <run_address>0x8af</run_address>
         <size>0xa8</size>
         <input_file_ref idref="fl-2c"/>
      </object_component>
      <object_component id="oc-6f">
         <name>.debug_line</name>
         <load_address>0x957</load_address>
         <run_address>0x957</run_address>
         <size>0x40</size>
         <input_file_ref idref="fl-2d"/>
      </object_component>
      <object_component id="oc-73">
         <name>.debug_line</name>
         <load_address>0x997</load_address>
         <run_address>0x997</run_address>
         <size>0x38</size>
         <input_file_ref idref="fl-2e"/>
      </object_component>
      <object_component id="oc-77">
         <name>.debug_line</name>
         <load_address>0x9cf</load_address>
         <run_address>0x9cf</run_address>
         <size>0xa8</size>
         <input_file_ref idref="fl-2f"/>
      </object_component>
      <object_component id="oc-7b">
         <name>.debug_line</name>
         <load_address>0xa77</load_address>
         <run_address>0xa77</run_address>
         <size>0x3c</size>
         <input_file_ref idref="fl-30"/>
      </object_component>
      <object_component id="oc-81">
         <name>.debug_line</name>
         <load_address>0xab3</load_address>
         <run_address>0xab3</run_address>
         <size>0x1b0</size>
         <input_file_ref idref="fl-31"/>
      </object_component>
      <object_component id="oc-85">
         <name>.debug_line</name>
         <load_address>0xc63</load_address>
         <run_address>0xc63</run_address>
         <size>0x40</size>
         <input_file_ref idref="fl-32"/>
      </object_component>
      <object_component id="oc-89">
         <name>.debug_line</name>
         <load_address>0xca3</load_address>
         <run_address>0xca3</run_address>
         <size>0x3c</size>
         <input_file_ref idref="fl-33"/>
      </object_component>
      <object_component id="oc-8d">
         <name>.debug_line</name>
         <load_address>0xcdf</load_address>
         <run_address>0xcdf</run_address>
         <size>0x4d</size>
         <input_file_ref idref="fl-34"/>
      </object_component>
      <object_component id="oc-91">
         <name>.debug_line</name>
         <load_address>0xd2c</load_address>
         <run_address>0xd2c</run_address>
         <size>0x3c</size>
         <input_file_ref idref="fl-35"/>
      </object_component>
      <object_component id="oc-95">
         <name>.debug_line</name>
         <load_address>0xd68</load_address>
         <run_address>0xd68</run_address>
         <size>0x37</size>
         <input_file_ref idref="fl-36"/>
      </object_component>
      <object_component id="oc-99">
         <name>.debug_line</name>
         <load_address>0xd9f</load_address>
         <run_address>0xd9f</run_address>
         <size>0x3c</size>
         <input_file_ref idref="fl-37"/>
      </object_component>
      <object_component id="oc-9d">
         <name>.debug_line</name>
         <load_address>0xddb</load_address>
         <run_address>0xddb</run_address>
         <size>0x44</size>
         <input_file_ref idref="fl-38"/>
      </object_component>
      <object_component id="oc-a1">
         <name>.debug_line</name>
         <load_address>0xe1f</load_address>
         <run_address>0xe1f</run_address>
         <size>0x37</size>
         <input_file_ref idref="fl-39"/>
      </object_component>
      <object_component id="oc-a6">
         <name>.debug_line</name>
         <load_address>0xe56</load_address>
         <run_address>0xe56</run_address>
         <size>0x15d</size>
         <input_file_ref idref="fl-3a"/>
      </object_component>
      <object_component id="oc-ac">
         <name>.debug_line</name>
         <load_address>0xfb3</load_address>
         <run_address>0xfb3</run_address>
         <size>0x6a</size>
         <input_file_ref idref="fl-3b"/>
      </object_component>
      <object_component id="oc-b0">
         <name>.debug_line</name>
         <load_address>0x101d</load_address>
         <run_address>0x101d</run_address>
         <size>0x58</size>
         <input_file_ref idref="fl-3c"/>
      </object_component>
      <object_component id="oc-b4">
         <name>.debug_line</name>
         <load_address>0x1075</load_address>
         <run_address>0x1075</run_address>
         <size>0x57</size>
         <input_file_ref idref="fl-3d"/>
      </object_component>
      <object_component id="oc-b8">
         <name>.debug_line</name>
         <load_address>0x10cc</load_address>
         <run_address>0x10cc</run_address>
         <size>0x5c</size>
         <input_file_ref idref="fl-3e"/>
      </object_component>
      <object_component id="oc-bc">
         <name>.debug_line</name>
         <load_address>0x1128</load_address>
         <run_address>0x1128</run_address>
         <size>0x3c</size>
         <input_file_ref idref="fl-3f"/>
      </object_component>
      <object_component id="oc-c0">
         <name>.debug_line</name>
         <load_address>0x1164</load_address>
         <run_address>0x1164</run_address>
         <size>0x5b</size>
         <input_file_ref idref="fl-40"/>
      </object_component>
      <object_component id="oc-c4">
         <name>.debug_line</name>
         <load_address>0x11bf</load_address>
         <run_address>0x11bf</run_address>
         <size>0x3a</size>
         <input_file_ref idref="fl-41"/>
      </object_component>
      <object_component id="oc-c8">
         <name>.debug_line</name>
         <load_address>0x11f9</load_address>
         <run_address>0x11f9</run_address>
         <size>0x3c</size>
         <input_file_ref idref="fl-42"/>
      </object_component>
      <object_component id="oc-cc">
         <name>.debug_line</name>
         <load_address>0x1235</load_address>
         <run_address>0x1235</run_address>
         <size>0x3f</size>
         <input_file_ref idref="fl-43"/>
      </object_component>
      <object_component id="oc-d2">
         <name>.debug_line</name>
         <load_address>0x1274</load_address>
         <run_address>0x1274</run_address>
         <size>0xd7</size>
         <input_file_ref idref="fl-44"/>
      </object_component>
      <object_component id="oc-d9">
         <name>.debug_line</name>
         <load_address>0x134b</load_address>
         <run_address>0x134b</run_address>
         <size>0x112</size>
         <input_file_ref idref="fl-45"/>
      </object_component>
      <object_component id="oc-dd">
         <name>.debug_line</name>
         <load_address>0x145d</load_address>
         <run_address>0x145d</run_address>
         <size>0x3d</size>
         <input_file_ref idref="fl-46"/>
      </object_component>
      <object_component id="oc-e1">
         <name>.debug_line</name>
         <load_address>0x149a</load_address>
         <run_address>0x149a</run_address>
         <size>0x39</size>
         <input_file_ref idref="fl-47"/>
      </object_component>
      <object_component id="oc-19">
         <name>.debug_abbrev</name>
         <load_address>0x0</load_address>
         <run_address>0x0</run_address>
         <size>0x120</size>
         <input_file_ref idref="fl-2"/>
      </object_component>
      <object_component id="oc-1d">
         <name>.debug_abbrev</name>
         <load_address>0x120</load_address>
         <run_address>0x120</run_address>
         <size>0x3a</size>
         <input_file_ref idref="fl-1a"/>
      </object_component>
      <object_component id="oc-24">
         <name>.debug_abbrev</name>
         <load_address>0x15a</load_address>
         <run_address>0x15a</run_address>
         <size>0xf7</size>
         <input_file_ref idref="fl-1b"/>
      </object_component>
      <object_component id="oc-28">
         <name>.debug_abbrev</name>
         <load_address>0x251</load_address>
         <run_address>0x251</run_address>
         <size>0x145</size>
         <input_file_ref idref="fl-1c"/>
      </object_component>
      <object_component id="oc-2c">
         <name>.debug_abbrev</name>
         <load_address>0x396</load_address>
         <run_address>0x396</run_address>
         <size>0x26</size>
         <input_file_ref idref="fl-1d"/>
      </object_component>
      <object_component id="oc-32">
         <name>.debug_abbrev</name>
         <load_address>0x3bc</load_address>
         <run_address>0x3bc</run_address>
         <size>0x9f</size>
         <input_file_ref idref="fl-1e"/>
      </object_component>
      <object_component id="oc-38">
         <name>.debug_abbrev</name>
         <load_address>0x45b</load_address>
         <run_address>0x45b</run_address>
         <size>0x1f8</size>
         <input_file_ref idref="fl-1f"/>
      </object_component>
      <object_component id="oc-3c">
         <name>.debug_abbrev</name>
         <load_address>0x653</load_address>
         <run_address>0x653</run_address>
         <size>0xec</size>
         <input_file_ref idref="fl-20"/>
      </object_component>
      <object_component id="oc-40">
         <name>.debug_abbrev</name>
         <load_address>0x73f</load_address>
         <run_address>0x73f</run_address>
         <size>0xd5</size>
         <input_file_ref idref="fl-21"/>
      </object_component>
      <object_component id="oc-44">
         <name>.debug_abbrev</name>
         <load_address>0x814</load_address>
         <run_address>0x814</run_address>
         <size>0x44</size>
         <input_file_ref idref="fl-22"/>
      </object_component>
      <object_component id="oc-48">
         <name>.debug_abbrev</name>
         <load_address>0x858</load_address>
         <run_address>0x858</run_address>
         <size>0xb7</size>
         <input_file_ref idref="fl-23"/>
      </object_component>
      <object_component id="oc-4a">
         <name>.debug_abbrev</name>
         <load_address>0x90f</load_address>
         <run_address>0x90f</run_address>
         <size>0x68</size>
         <input_file_ref idref="fl-24"/>
      </object_component>
      <object_component id="oc-4e">
         <name>.debug_abbrev</name>
         <load_address>0x977</load_address>
         <run_address>0x977</run_address>
         <size>0x83</size>
         <input_file_ref idref="fl-25"/>
      </object_component>
      <object_component id="oc-52">
         <name>.debug_abbrev</name>
         <load_address>0x9fa</load_address>
         <run_address>0x9fa</run_address>
         <size>0x112</size>
         <input_file_ref idref="fl-26"/>
      </object_component>
      <object_component id="oc-56">
         <name>.debug_abbrev</name>
         <load_address>0xb0c</load_address>
         <run_address>0xb0c</run_address>
         <size>0xb5</size>
         <input_file_ref idref="fl-27"/>
      </object_component>
      <object_component id="oc-5a">
         <name>.debug_abbrev</name>
         <load_address>0xbc1</load_address>
         <run_address>0xbc1</run_address>
         <size>0x8f</size>
         <input_file_ref idref="fl-28"/>
      </object_component>
      <object_component id="oc-5e">
         <name>.debug_abbrev</name>
         <load_address>0xc50</load_address>
         <run_address>0xc50</run_address>
         <size>0xb7</size>
         <input_file_ref idref="fl-29"/>
      </object_component>
      <object_component id="oc-63">
         <name>.debug_abbrev</name>
         <load_address>0xd07</load_address>
         <run_address>0xd07</run_address>
         <size>0xc2</size>
         <input_file_ref idref="fl-2a"/>
      </object_component>
      <object_component id="oc-67">
         <name>.debug_abbrev</name>
         <load_address>0xdc9</load_address>
         <run_address>0xdc9</run_address>
         <size>0x103</size>
         <input_file_ref idref="fl-2b"/>
      </object_component>
      <object_component id="oc-6c">
         <name>.debug_abbrev</name>
         <load_address>0xecc</load_address>
         <run_address>0xecc</run_address>
         <size>0x140</size>
         <input_file_ref idref="fl-2c"/>
      </object_component>
      <object_component id="oc-70">
         <name>.debug_abbrev</name>
         <load_address>0x100c</load_address>
         <run_address>0x100c</run_address>
         <size>0x9a</size>
         <input_file_ref idref="fl-2d"/>
      </object_component>
      <object_component id="oc-74">
         <name>.debug_abbrev</name>
         <load_address>0x10a6</load_address>
         <run_address>0x10a6</run_address>
         <size>0xd0</size>
         <input_file_ref idref="fl-2e"/>
      </object_component>
      <object_component id="oc-78">
         <name>.debug_abbrev</name>
         <load_address>0x1176</load_address>
         <run_address>0x1176</run_address>
         <size>0xb7</size>
         <input_file_ref idref="fl-2f"/>
      </object_component>
      <object_component id="oc-7c">
         <name>.debug_abbrev</name>
         <load_address>0x122d</load_address>
         <run_address>0x122d</run_address>
         <size>0x38</size>
         <input_file_ref idref="fl-30"/>
      </object_component>
      <object_component id="oc-82">
         <name>.debug_abbrev</name>
         <load_address>0x1265</load_address>
         <run_address>0x1265</run_address>
         <size>0x225</size>
         <input_file_ref idref="fl-31"/>
      </object_component>
      <object_component id="oc-86">
         <name>.debug_abbrev</name>
         <load_address>0x148a</load_address>
         <run_address>0x148a</run_address>
         <size>0xec</size>
         <input_file_ref idref="fl-32"/>
      </object_component>
      <object_component id="oc-8a">
         <name>.debug_abbrev</name>
         <load_address>0x1576</load_address>
         <run_address>0x1576</run_address>
         <size>0xb7</size>
         <input_file_ref idref="fl-33"/>
      </object_component>
      <object_component id="oc-8e">
         <name>.debug_abbrev</name>
         <load_address>0x162d</load_address>
         <run_address>0x162d</run_address>
         <size>0x38</size>
         <input_file_ref idref="fl-34"/>
      </object_component>
      <object_component id="oc-92">
         <name>.debug_abbrev</name>
         <load_address>0x1665</load_address>
         <run_address>0x1665</run_address>
         <size>0xdc</size>
         <input_file_ref idref="fl-35"/>
      </object_component>
      <object_component id="oc-96">
         <name>.debug_abbrev</name>
         <load_address>0x1741</load_address>
         <run_address>0x1741</run_address>
         <size>0x81</size>
         <input_file_ref idref="fl-36"/>
      </object_component>
      <object_component id="oc-9a">
         <name>.debug_abbrev</name>
         <load_address>0x17c2</load_address>
         <run_address>0x17c2</run_address>
         <size>0xa6</size>
         <input_file_ref idref="fl-37"/>
      </object_component>
      <object_component id="oc-9e">
         <name>.debug_abbrev</name>
         <load_address>0x1868</load_address>
         <run_address>0x1868</run_address>
         <size>0xb5</size>
         <input_file_ref idref="fl-38"/>
      </object_component>
      <object_component id="oc-a2">
         <name>.debug_abbrev</name>
         <load_address>0x191d</load_address>
         <run_address>0x191d</run_address>
         <size>0x8f</size>
         <input_file_ref idref="fl-39"/>
      </object_component>
      <object_component id="oc-a7">
         <name>.debug_abbrev</name>
         <load_address>0x19ac</load_address>
         <run_address>0x19ac</run_address>
         <size>0x15a</size>
         <input_file_ref idref="fl-3a"/>
      </object_component>
      <object_component id="oc-ad">
         <name>.debug_abbrev</name>
         <load_address>0x1b06</load_address>
         <run_address>0x1b06</run_address>
         <size>0xde</size>
         <input_file_ref idref="fl-3b"/>
      </object_component>
      <object_component id="oc-b1">
         <name>.debug_abbrev</name>
         <load_address>0x1be4</load_address>
         <run_address>0x1be4</run_address>
         <size>0x38</size>
         <input_file_ref idref="fl-3c"/>
      </object_component>
      <object_component id="oc-b5">
         <name>.debug_abbrev</name>
         <load_address>0x1c1c</load_address>
         <run_address>0x1c1c</run_address>
         <size>0xd1</size>
         <input_file_ref idref="fl-3d"/>
      </object_component>
      <object_component id="oc-b9">
         <name>.debug_abbrev</name>
         <load_address>0x1ced</load_address>
         <run_address>0x1ced</run_address>
         <size>0xd4</size>
         <input_file_ref idref="fl-3e"/>
      </object_component>
      <object_component id="oc-bd">
         <name>.debug_abbrev</name>
         <load_address>0x1dc1</load_address>
         <run_address>0x1dc1</run_address>
         <size>0xa6</size>
         <input_file_ref idref="fl-3f"/>
      </object_component>
      <object_component id="oc-c1">
         <name>.debug_abbrev</name>
         <load_address>0x1e67</load_address>
         <run_address>0x1e67</run_address>
         <size>0x136</size>
         <input_file_ref idref="fl-40"/>
      </object_component>
      <object_component id="oc-c5">
         <name>.debug_abbrev</name>
         <load_address>0x1f9d</load_address>
         <run_address>0x1f9d</run_address>
         <size>0x81</size>
         <input_file_ref idref="fl-41"/>
      </object_component>
      <object_component id="oc-c9">
         <name>.debug_abbrev</name>
         <load_address>0x201e</load_address>
         <run_address>0x201e</run_address>
         <size>0xd1</size>
         <input_file_ref idref="fl-42"/>
      </object_component>
      <object_component id="oc-cd">
         <name>.debug_abbrev</name>
         <load_address>0x20ef</load_address>
         <run_address>0x20ef</run_address>
         <size>0x10b</size>
         <input_file_ref idref="fl-43"/>
      </object_component>
      <object_component id="oc-d3">
         <name>.debug_abbrev</name>
         <load_address>0x21fa</load_address>
         <run_address>0x21fa</run_address>
         <size>0x1a2</size>
         <input_file_ref idref="fl-44"/>
      </object_component>
      <object_component id="oc-da">
         <name>.debug_abbrev</name>
         <load_address>0x239c</load_address>
         <run_address>0x239c</run_address>
         <size>0x1de</size>
         <input_file_ref idref="fl-45"/>
      </object_component>
      <object_component id="oc-de">
         <name>.debug_abbrev</name>
         <load_address>0x257a</load_address>
         <run_address>0x257a</run_address>
         <size>0x118</size>
         <input_file_ref idref="fl-46"/>
      </object_component>
      <object_component id="oc-e2">
         <name>.debug_abbrev</name>
         <load_address>0x2692</load_address>
         <run_address>0x2692</run_address>
         <size>0xbf</size>
         <input_file_ref idref="fl-47"/>
      </object_component>
      <object_component id="oc-109">
         <name>.debug_abbrev</name>
         <load_address>0x2751</load_address>
         <run_address>0x2751</run_address>
         <size>0xd</size>
      </object_component>
   </object_component_list>
   <logical_group_list>
      <logical_group id="lg-101">
         <name>.text</name>
         <load_address>0x20000</load_address>
         <run_address>0x20000</run_address>
         <size>0x4190</size>
         <contents>
            <object_component_ref idref="oc-33"/>
            <object_component_ref idref="oc-7d"/>
            <object_component_ref idref="oc-a3"/>
            <object_component_ref idref="oc-d4"/>
            <object_component_ref idref="oc-4f"/>
            <object_component_ref idref="oc-ce"/>
            <object_component_ref idref="oc-75"/>
            <object_component_ref idref="oc-b6"/>
            <object_component_ref idref="oc-45"/>
            <object_component_ref idref="oc-68"/>
            <object_component_ref idref="oc-8f"/>
            <object_component_ref idref="oc-12"/>
            <object_component_ref idref="oc-ca"/>
            <object_component_ref idref="oc-b2"/>
            <object_component_ref idref="oc-be"/>
            <object_component_ref idref="oc-ab"/>
            <object_component_ref idref="oc-64"/>
            <object_component_ref idref="oc-53"/>
            <object_component_ref idref="oc-83"/>
            <object_component_ref idref="oc-db"/>
            <object_component_ref idref="oc-c2"/>
            <object_component_ref idref="oc-6d"/>
            <object_component_ref idref="oc-9b"/>
            <object_component_ref idref="oc-5b"/>
            <object_component_ref idref="oc-a8"/>
            <object_component_ref idref="oc-c6"/>
            <object_component_ref idref="oc-5f"/>
            <object_component_ref idref="oc-3d"/>
            <object_component_ref idref="oc-25"/>
            <object_component_ref idref="oc-41"/>
            <object_component_ref idref="oc-39"/>
            <object_component_ref idref="oc-97"/>
            <object_component_ref idref="oc-ba"/>
            <object_component_ref idref="oc-8b"/>
            <object_component_ref idref="oc-1e"/>
            <object_component_ref idref="oc-10"/>
            <object_component_ref idref="oc-57"/>
            <object_component_ref idref="oc-ae"/>
            <object_component_ref idref="oc-87"/>
            <object_component_ref idref="oc-71"/>
            <object_component_ref idref="oc-9f"/>
            <object_component_ref idref="oc-79"/>
            <object_component_ref idref="oc-2d"/>
            <object_component_ref idref="oc-93"/>
            <object_component_ref idref="oc-df"/>
            <object_component_ref idref="oc-22"/>
            <object_component_ref idref="oc-29"/>
         </contents>
      </logical_group>
      <split_section id="lg-2">
         <name>.text</name>
         <contents>
            <logical_group_ref idref="lg-101"/>
         </contents>
      </split_section>
      <logical_group id="lg-3">
         <name>.stack</name>
         <run_address>0xc0</run_address>
         <size>0x2000</size>
         <contents>
            <object_component_ref idref="oc-1a"/>
            <object_component_ref idref="oc-fd"/>
         </contents>
      </logical_group>
      <logical_group id="lg-4">
         <name>.sysstack</name>
         <run_address>0x20c0</run_address>
         <size>0x1000</size>
         <contents>
            <object_component_ref idref="oc-e3"/>
            <object_component_ref idref="oc-ff"/>
         </contents>
      </logical_group>
      <logical_group id="lg-5">
         <name>.data</name>
         <run_address>0xc0</run_address>
         <size>0x0</size>
         <contents>
         </contents>
      </logical_group>
      <logical_group id="lg-102">
         <name>.bss.1</name>
         <run_address>0x50c0</run_address>
         <size>0x4b6</size>
         <contents>
            <object_component_ref idref="oc-4b"/>
            <object_component_ref idref="oc-a4"/>
            <object_component_ref idref="oc-cf"/>
            <object_component_ref idref="oc-7e"/>
         </contents>
      </logical_group>
      <logical_group id="lg-103">
         <name>.bss.2</name>
         <run_address>0x5578</run_address>
         <size>0x86</size>
         <contents>
            <object_component_ref idref="oc-13"/>
         </contents>
      </logical_group>
      <logical_group id="lg-104">
         <name>.bss.3</name>
         <run_address>0x5600</run_address>
         <size>0x1c</size>
         <contents>
            <object_component_ref idref="oc-d5"/>
            <object_component_ref idref="oc-2e"/>
            <object_component_ref idref="oc-1f"/>
         </contents>
      </logical_group>
      <split_section id="lg-6">
         <name>.bss</name>
         <contents>
            <logical_group_ref idref="lg-102"/>
            <logical_group_ref idref="lg-103"/>
            <logical_group_ref idref="lg-104"/>
         </contents>
      </split_section>
      <logical_group id="lg-105">
         <name>.const.1</name>
         <load_address>0x561c</load_address>
         <run_address>0x561c</run_address>
         <size>0x202</size>
         <contents>
            <object_component_ref idref="oc-e4"/>
         </contents>
      </logical_group>
      <logical_group id="lg-106">
         <name>.const.2</name>
         <load_address>0x5820</load_address>
         <run_address>0x5820</run_address>
         <size>0x86</size>
         <contents>
            <object_component_ref idref="oc-36"/>
            <object_component_ref idref="oc-35"/>
            <object_component_ref idref="oc-16"/>
            <object_component_ref idref="oc-e5"/>
         </contents>
      </logical_group>
      <logical_group id="lg-107">
         <name>.const.3</name>
         <load_address>0x58a8</load_address>
         <run_address>0x58a8</run_address>
         <size>0x8</size>
         <contents>
            <object_component_ref idref="oc-6a"/>
            <object_component_ref idref="oc-61"/>
         </contents>
      </logical_group>
      <split_section id="lg-7">
         <name>.const</name>
         <contents>
            <logical_group_ref idref="lg-105"/>
            <logical_group_ref idref="lg-106"/>
            <logical_group_ref idref="lg-107"/>
         </contents>
      </split_section>
      <logical_group id="lg-8">
         <name>.sysmem</name>
         <run_address>0x30c0</run_address>
         <size>0x2000</size>
         <contents>
            <object_component_ref idref="oc-d8"/>
            <object_component_ref idref="oc-fe"/>
         </contents>
      </logical_group>
      <logical_group id="lg-9">
         <name>.switch</name>
         <run_address>0x0</run_address>
         <size>0x0</size>
         <contents>
         </contents>
      </logical_group>
      <logical_group id="lg-a">
         <name>.cinit</name>
         <load_address>0x40240</load_address>
         <run_address>0x40240</run_address>
         <size>0x142</size>
         <contents>
            <object_component_ref idref="oc-15"/>
            <object_component_ref idref="oc-80"/>
            <object_component_ref idref="oc-4d"/>
            <object_component_ref idref="oc-30"/>
            <object_component_ref idref="oc-21"/>
            <object_component_ref idref="oc-d1"/>
            <object_component_ref idref="oc-d7"/>
         </contents>
      </logical_group>
      <logical_group id="lg-b">
         <name>.pinit</name>
         <run_address>0x0</run_address>
         <size>0x0</size>
         <contents>
         </contents>
      </logical_group>
      <logical_group id="lg-c">
         <name>.cio</name>
         <run_address>0x40000</run_address>
         <size>0x240</size>
         <contents>
            <object_component_ref idref="oc-aa"/>
         </contents>
      </logical_group>
      <logical_group id="lg-d">
         <name>.args</name>
         <run_address>0x0</run_address>
         <size>0x0</size>
         <contents>
         </contents>
      </logical_group>
      <logical_group id="lg-e">
         <name>vectors</name>
         <load_address>0x4fe00</load_address>
         <run_address>0x4fe00</run_address>
         <size>0x100</size>
         <contents>
            <object_component_ref idref="oc-11"/>
         </contents>
      </logical_group>
      <logical_group id="lg-f">
         <name>.ioport</name>
         <run_address>0x0</run_address>
         <size>0x0</size>
         <contents>
         </contents>
      </logical_group>
      <logical_group id="lg-f4">
         <name>.debug_info</name>
         <load_address>0x0</load_address>
         <run_address>0x0</run_address>
         <size>0x13dac</size>
         <contents>
            <object_component_ref idref="oc-14"/>
            <object_component_ref idref="oc-1b"/>
            <object_component_ref idref="oc-20"/>
            <object_component_ref idref="oc-26"/>
            <object_component_ref idref="oc-2a"/>
            <object_component_ref idref="oc-2f"/>
            <object_component_ref idref="oc-34"/>
            <object_component_ref idref="oc-3a"/>
            <object_component_ref idref="oc-3e"/>
            <object_component_ref idref="oc-42"/>
            <object_component_ref idref="oc-46"/>
            <object_component_ref idref="oc-49"/>
            <object_component_ref idref="oc-4c"/>
            <object_component_ref idref="oc-50"/>
            <object_component_ref idref="oc-54"/>
            <object_component_ref idref="oc-58"/>
            <object_component_ref idref="oc-5c"/>
            <object_component_ref idref="oc-60"/>
            <object_component_ref idref="oc-65"/>
            <object_component_ref idref="oc-69"/>
            <object_component_ref idref="oc-6e"/>
            <object_component_ref idref="oc-72"/>
            <object_component_ref idref="oc-76"/>
            <object_component_ref idref="oc-7a"/>
            <object_component_ref idref="oc-7f"/>
            <object_component_ref idref="oc-84"/>
            <object_component_ref idref="oc-88"/>
            <object_component_ref idref="oc-8c"/>
            <object_component_ref idref="oc-90"/>
            <object_component_ref idref="oc-94"/>
            <object_component_ref idref="oc-98"/>
            <object_component_ref idref="oc-9c"/>
            <object_component_ref idref="oc-a0"/>
            <object_component_ref idref="oc-a5"/>
            <object_component_ref idref="oc-a9"/>
            <object_component_ref idref="oc-af"/>
            <object_component_ref idref="oc-b3"/>
            <object_component_ref idref="oc-b7"/>
            <object_component_ref idref="oc-bb"/>
            <object_component_ref idref="oc-bf"/>
            <object_component_ref idref="oc-c3"/>
            <object_component_ref idref="oc-c7"/>
            <object_component_ref idref="oc-cb"/>
            <object_component_ref idref="oc-d0"/>
            <object_component_ref idref="oc-d6"/>
            <object_component_ref idref="oc-dc"/>
            <object_component_ref idref="oc-e0"/>
            <object_component_ref idref="oc-108"/>
         </contents>
      </logical_group>
      <logical_group id="lg-f6">
         <name>.debug_frame</name>
         <load_address>0x0</load_address>
         <run_address>0x0</run_address>
         <size>0x102</size>
         <contents>
            <object_component_ref idref="oc-17"/>
         </contents>
      </logical_group>
      <logical_group id="lg-f8">
         <name>.debug_line</name>
         <load_address>0x0</load_address>
         <run_address>0x0</run_address>
         <size>0x14d3</size>
         <contents>
            <object_component_ref idref="oc-18"/>
            <object_component_ref idref="oc-1c"/>
            <object_component_ref idref="oc-23"/>
            <object_component_ref idref="oc-27"/>
            <object_component_ref idref="oc-2b"/>
            <object_component_ref idref="oc-31"/>
            <object_component_ref idref="oc-37"/>
            <object_component_ref idref="oc-3b"/>
            <object_component_ref idref="oc-3f"/>
            <object_component_ref idref="oc-43"/>
            <object_component_ref idref="oc-47"/>
            <object_component_ref idref="oc-51"/>
            <object_component_ref idref="oc-55"/>
            <object_component_ref idref="oc-59"/>
            <object_component_ref idref="oc-5d"/>
            <object_component_ref idref="oc-62"/>
            <object_component_ref idref="oc-66"/>
            <object_component_ref idref="oc-6b"/>
            <object_component_ref idref="oc-6f"/>
            <object_component_ref idref="oc-73"/>
            <object_component_ref idref="oc-77"/>
            <object_component_ref idref="oc-7b"/>
            <object_component_ref idref="oc-81"/>
            <object_component_ref idref="oc-85"/>
            <object_component_ref idref="oc-89"/>
            <object_component_ref idref="oc-8d"/>
            <object_component_ref idref="oc-91"/>
            <object_component_ref idref="oc-95"/>
            <object_component_ref idref="oc-99"/>
            <object_component_ref idref="oc-9d"/>
            <object_component_ref idref="oc-a1"/>
            <object_component_ref idref="oc-a6"/>
            <object_component_ref idref="oc-ac"/>
            <object_component_ref idref="oc-b0"/>
            <object_component_ref idref="oc-b4"/>
            <object_component_ref idref="oc-b8"/>
            <object_component_ref idref="oc-bc"/>
            <object_component_ref idref="oc-c0"/>
            <object_component_ref idref="oc-c4"/>
            <object_component_ref idref="oc-c8"/>
            <object_component_ref idref="oc-cc"/>
            <object_component_ref idref="oc-d2"/>
            <object_component_ref idref="oc-d9"/>
            <object_component_ref idref="oc-dd"/>
            <object_component_ref idref="oc-e1"/>
         </contents>
      </logical_group>
      <logical_group id="lg-fa">
         <name>.debug_abbrev</name>
         <load_address>0x0</load_address>
         <run_address>0x0</run_address>
         <size>0x275e</size>
         <contents>
            <object_component_ref idref="oc-19"/>
            <object_component_ref idref="oc-1d"/>
            <object_component_ref idref="oc-24"/>
            <object_component_ref idref="oc-28"/>
            <object_component_ref idref="oc-2c"/>
            <object_component_ref idref="oc-32"/>
            <object_component_ref idref="oc-38"/>
            <object_component_ref idref="oc-3c"/>
            <object_component_ref idref="oc-40"/>
            <object_component_ref idref="oc-44"/>
            <object_component_ref idref="oc-48"/>
            <object_component_ref idref="oc-4a"/>
            <object_component_ref idref="oc-4e"/>
            <object_component_ref idref="oc-52"/>
            <object_component_ref idref="oc-56"/>
            <object_component_ref idref="oc-5a"/>
[...]
         <value>0xffffffff</value>
      </symbol>
      <symbol id="sm-9">
         <name>__STACK_SIZE</name>
         <value>0x2000</value>
      </symbol>
      <symbol id="sm-a">
         <name>__STACK_END</name>
         <value>0x20c0</value>
      </symbol>
      <symbol id="sm-b">
         <name>__SYSMEM_SIZE</name>
         <value>0x2000</value>
      </symbol>
      <symbol id="sm-c">
         <name>___c_args__</name>
         <value>0xffffffff</value>
      </symbol>
      <symbol id="sm-d">
         <name>__SYSSTACK_SIZE</name>
         <value>0x1000</value>
      </symbol>
      <symbol id="sm-e">
         <name>.text</name>
         <value>0xffffffff</value>
      </symbol>
      <symbol id="sm-f">
         <name>___text__</name>
         <value>0xffffffff</value>
      </symbol>
      <symbol id="sm-10">
         <name>etext</name>
         <value>0xffffffff</value>
      </symbol>
      <symbol id="sm-11">
         <name>___etext__</name>
         <value>0xffffffff</value>
      </symbol>
      <symbol id="sm-12">
         <name>.data</name>
         <value>0xffffffff</value>
      </symbol>
      <symbol id="sm-13">
         <name>___data__</name>
         <value>0xffffffff</value>
      </symbol>
      <symbol id="sm-14">
         <name>edata</name>
         <value>0xffffffff</value>
      </symbol>
      <symbol id="sm-15">
         <name>___edata__</name>
         <value>0xffffffff</value>
      </symbol>
      <symbol id="sm-16">
         <name>.bss</name>
         <value>0xffffffff</value>
      </symbol>
      <symbol id="sm-17">
         <name>___bss__</name>
         <value>0xffffffff</value>
      </symbol>
      <symbol id="sm-18">
         <name>end</name>
         <value>0xffffffff</value>
      </symbol>
      <symbol id="sm-19">
         <name>___end__</name>
         <value>0xffffffff</value>
      </symbol>
      <symbol id="sm-6b">
         <name>_main</name>
         <value>0x234f2</value>
         <object_component_ref idref="oc-12"/>
      </symbol>
      <symbol id="sm-6c">
         <name>_array</name>
         <value>0x5590</value>
         <object_component_ref idref="oc-13"/>
      </symbol>
      <symbol id="sm-6d">
         <name>_linearbuff</name>
         <value>0x23460</value>
         <object_component_ref idref="oc-12"/>
      </symbol>
      <symbol id="sm-6e">
         <name>_outPtr</name>
         <value>0x55c4</value>
         <object_component_ref idref="oc-13"/>
      </symbol>
      <symbol id="sm-6f">
         <name>_coeff</name>
         <value>0x55c8</value>
         <object_component_ref idref="oc-13"/>
      </symbol>
      <symbol id="sm-70">
         <name>_coefs</name>
         <value>0x55cc</value>
         <object_component_ref idref="oc-13"/>
      </symbol>
      <symbol id="sm-71">
         <name>_output</name>
         <value>0x55e4</value>
         <object_component_ref idref="oc-13"/>
      </symbol>
      <symbol id="sm-72">
         <name>_inPtr</name>
         <value>0x55c0</value>
         <object_component_ref idref="oc-13"/>
      </symbol>
      <symbol id="sm-73">
         <name>_x</name>
         <value>0x5578</value>
         <object_component_ref idref="oc-13"/>
      </symbol>
      <symbol id="sm-74">
         <name>_input</name>
         <value>0x55be</value>
         <object_component_ref idref="oc-13"/>
      </symbol>
      <symbol id="sm-80">
         <name>__sysstack</name>
         <value>0x20c0</value>
         <object_component_ref idref="oc-e3"/>
      </symbol>
      <symbol id="sm-81">
         <name>_c_int00</name>
         <value>0x2406e</value>
         <object_component_ref idref="oc-10"/>
      </symbol>
      <symbol id="sm-82">
         <name>__stack</name>
         <value>0xc0</value>
         <object_component_ref idref="oc-1a"/>
      </symbol>
      <symbol id="sm-92">
         <name>C$$EXIT</name>
         <value>0x24187</value>
         <object_component_ref idref="oc-22"/>
      </symbol>
      <symbol id="sm-93">
         <name>_exit</name>
         <value>0x24030</value>
         <object_component_ref idref="oc-1e"/>
      </symbol>
      <symbol id="sm-94">
         <name>_abort</name>
         <value>0x24186</value>
         <object_component_ref idref="oc-22"/>
      </symbol>
      <symbol id="sm-95">
         <name>__cleanup_ptr</name>
         <value>0x5614</value>
         <object_component_ref idref="oc-1f"/>
      </symbol>
      <symbol id="sm-96">
         <name>__dtors_ptr</name>
         <value>0x5618</value>
         <object_component_ref idref="oc-1f"/>
      </symbol>
      <symbol id="sm-a0">
         <name>_printf</name>
         <value>0x23e76</value>
         <object_component_ref idref="oc-25"/>
      </symbol>
      <symbol id="sm-aa">
         <name>_Reset</name>
         <value>0x4fe00</value>
         <object_component_ref idref="oc-11"/>
      </symbol>
      <symbol id="sm-b8">
         <name>__unlock</name>
         <value>0x5610</value>
         <object_component_ref idref="oc-2e"/>
      </symbol>
      <symbol id="sm-b9">
         <name>__lock</name>
         <value>0x560c</value>
         <object_component_ref idref="oc-2e"/>
      </symbol>
      <symbol id="sm-ba">
         <name>__register_lock</name>
         <value>0x24162</value>
         <object_component_ref idref="oc-2d"/>
      </symbol>
      <symbol id="sm-bb">
         <name>__nop</name>
         <value>0x2416a</value>
         <object_component_ref idref="oc-2d"/>
      </symbol>
      <symbol id="sm-bc">
         <name>__register_unlock</name>
         <value>0x2415a</value>
         <object_component_ref idref="oc-2d"/>
      </symbol>
      <symbol id="sm-ce">
         <name>__printfi</name>
         <value>0x21362</value>
         <object_component_ref idref="oc-33"/>
      </symbol>
      <symbol id="sm-d8">
         <name>__args_main</name>
         <value>0x23f13</value>
         <object_component_ref idref="oc-39"/>
      </symbol>
      <symbol id="sm-d9">
         <name>__TI_args_main</name>
         <value>0x1</value>
      </symbol>
      <symbol id="sm-e3">
         <name>_atoi</name>
         <value>0x23e1a</value>
         <object_component_ref idref="oc-3d"/>
      </symbol>
      <symbol id="sm-eb">
         <name>_auto_init</name>
         <value>0x23ec6</value>
         <object_component_ref idref="oc-41"/>
      </symbol>
      <symbol id="sm-f5">
         <name>__eqld</name>
         <value>0x23125</value>
         <object_component_ref idref="oc-45"/>
      </symbol>
      <symbol id="sm-f6">
         <name>__cmpd</name>
         <value>0x23159</value>
         <object_component_ref idref="oc-45"/>
      </symbol>
      <symbol id="sm-f7">
         <name>__neqd</name>
         <value>0x22fc7</value>
         <object_component_ref idref="oc-45"/>
      </symbol>
      <symbol id="sm-f8">
         <name>__gtrd</name>
         <value>0x23090</value>
         <object_component_ref idref="oc-45"/>
      </symbol>
      <symbol id="sm-f9">
         <name>__geqd</name>
         <value>0x230db</value>
         <object_component_ref idref="oc-45"/>
      </symbol>
      <symbol id="sm-fa">
         <name>__leqd</name>
         <value>0x23043</value>
         <object_component_ref idref="oc-45"/>
      </symbol>
      <symbol id="sm-fb">
         <name>__lssd</name>
         <value>0x22ffb</value>
         <object_component_ref idref="oc-45"/>
      </symbol>
      <symbol id="sm-103">
         <name>__ctypes_</name>
         <value>0x561c</value>
         <object_component_ref idref="oc-e4"/>
      </symbol>
      <symbol id="sm-10d">
         <name>__tmpnams</name>
         <value>0x51b0</value>
         <object_component_ref idref="oc-4b"/>
      </symbol>
      <symbol id="sm-10e">
         <name>__ft_end</name>
         <value>0x52f0</value>
         <object_component_ref idref="oc-4b"/>
      </symbol>
      <symbol id="sm-10f">
         <name>__ftable</name>
         <value>0x50c0</value>
         <object_component_ref idref="oc-4b"/>
      </symbol>
      <symbol id="sm-11b">
         <name>__divd</name>
         <value>0x224c4</value>
         <object_component_ref idref="oc-4f"/>
      </symbol>
      <symbol id="sm-126">
         <name>__divul</name>
         <value>0x23978</value>
         <object_component_ref idref="oc-53"/>
      </symbol>
      <symbol id="sm-130">
         <name>__fixdi</name>
         <value>0x240a2</value>
         <object_component_ref idref="oc-57"/>
      </symbol>
      <symbol id="sm-13a">
         <name>__fixdli</name>
         <value>0x23c6c</value>
         <object_component_ref idref="oc-5b"/>
      </symbol>
      <symbol id="sm-146">
         <name>__fltlid</name>
         <value>0x23db3</value>
         <object_component_ref idref="oc-5f"/>
      </symbol>
      <symbol id="sm-150">
         <name>_putchar</name>
         <value>0x23969</value>
         <object_component_ref idref="oc-64"/>
      </symbol>
      <symbol id="sm-151">
         <name>_putc</name>
         <value>0x238d2</value>
         <object_component_ref idref="oc-64"/>
      </symbol>
      <symbol id="sm-152">
         <name>_fputc</name>
         <value>0x238d2</value>
         <object_component_ref idref="oc-64"/>
      </symbol>
      <symbol id="sm-160">
         <name>_puts</name>
         <value>0x232e6</value>
         <object_component_ref idref="oc-68"/>
      </symbol>
      <symbol id="sm-161">
         <name>_fputs</name>
         <value>0x231b1</value>
         <object_component_ref idref="oc-68"/>
      </symbol>
      <symbol id="sm-16b">
         <name>__frcmpyd_div</name>
         <value>0x23b87</value>
         <object_component_ref idref="oc-6d"/>
      </symbol>
      <symbol id="sm-175">
         <name>___isinf</name>
         <value>0x24119</value>
         <object_component_ref idref="oc-71"/>
      </symbol>
      <symbol id="sm-17f">
         <name>__divull</name>
         <value>0x22c44</value>
         <object_component_ref idref="oc-75"/>
      </symbol>
      <symbol id="sm-180">
         <name>__mpylli</name>
         <value>0x22b8c</value>
         <object_component_ref idref="oc-75"/>
      </symbol>
      <symbol id="sm-181">
         <name>__remlli</name>
         <value>0x22b5d</value>
         <object_component_ref idref="oc-75"/>
      </symbol>
      <symbol id="sm-182">
         <name>__divlli</name>
         <value>0x22d38</value>
         <object_component_ref idref="oc-75"/>
      </symbol>
      <symbol id="sm-183">
         <name>__remull</name>
         <value>0x22b0f</value>
         <object_component_ref idref="oc-75"/>
      </symbol>
      <symbol id="sm-18b">
         <name>__mpyli</name>
         <value>0x24147</value>
         <object_component_ref idref="oc-79"/>
      </symbol>
      <symbol id="sm-18c">
         <name>I$$LMPY</name>
         <value>0x24147</value>
         <object_component_ref idref="oc-79"/>
      </symbol>
      <symbol id="sm-19e">
         <name>_add_device</name>
         <value>0x219f7</value>
         <object_component_ref idref="oc-7d"/>
      </symbol>
      <symbol id="sm-19f">
         <name>_rename</name>
         <value>0x21719</value>
         <object_component_ref idref="oc-7d"/>
      </symbol>
      <symbol id="sm-1a0">
         <name>_read</name>
         <value>0x217a8</value>
         <object_component_ref idref="oc-7d"/>
      </symbol>
      <symbol id="sm-1a1">
         <name>_unlink</name>
         <value>0x216e6</value>
         <object_component_ref idref="oc-7d"/>
      </symbol>
      <symbol id="sm-1a2">
         <name>_remove_device</name>
         <value>0x21772</value>
         <object_component_ref idref="oc-7d"/>
      </symbol>
      <symbol id="sm-1a3">
         <name>_open</name>
         <value>0x21856</value>
         <object_component_ref idref="oc-7d"/>
      </symbol>
      <symbol id="sm-1a4">
         <name>_find_registered_device</name>
         <value>0x2197b</value>
         <object_component_ref idref="oc-7d"/>
      </symbol>
      <symbol id="sm-1a5">
         <name>_lseek</name>
         <value>0x21915</value>
         <object_component_ref idref="oc-7d"/>
      </symbol>
      <symbol id="sm-1a6">
         <name>_close</name>
         <value>0x21984</value>
         <object_component_ref idref="oc-7d"/>
      </symbol>
      <symbol id="sm-1a7">
         <name>_write</name>
         <value>0x215a4</value>
         <object_component_ref idref="oc-7d"/>
      </symbol>
      <symbol id="sm-1b1">
         <name>_ltoa</name>
         <value>0x23a19</value>
         <object_component_ref idref="oc-83"/>
      </symbol>
      <symbol id="sm-1bc">
         <name>_memccpy</name>
         <value>0x240f6</value>
         <object_component_ref idref="oc-87"/>
      </symbol>
      <symbol id="sm-1c4">
         <name>_memcpy</name>
         <value>0x23ff1</value>
         <object_component_ref idref="oc-8b"/>
      </symbol>
      <symbol id="sm-1ce">
         <name>__mpyd</name>
         <value>0x23314</value>
         <object_component_ref idref="oc-8f"/>
      </symbol>
      <symbol id="sm-1d8">
         <name>__negd</name>
         <value>0x2416c</value>
         <object_component_ref idref="oc-93"/>
      </symbol>
      <symbol id="sm-1e2">
         <name>__remli</name>
         <value>0x23f5e</value>
         <object_component_ref idref="oc-97"/>
      </symbol>
      <symbol id="sm-1ed">
         <name>__remul</name>
         <value>0x23bfa</value>
         <object_component_ref idref="oc-9b"/>
      </symbol>
      <symbol id="sm-1f7">
         <name>__subd</name>
         <value>0x24133</value>
         <object_component_ref idref="oc-9f"/>
      </symbol>
      <symbol id="sm-203">
         <name>_HOSTopen</name>
         <value>0x21df2</value>
         <object_component_ref idref="oc-a3"/>
      </symbol>
      <symbol id="sm-204">
         <name>_HOSTread</name>
         <value>0x21d65</value>
         <object_component_ref idref="oc-a3"/>
      </symbol>
      <symbol id="sm-205">
         <name>_HOSTtime</name>
         <value>0x21c59</value>
         <object_component_ref idref="oc-a3"/>
      </symbol>
      <symbol id="sm-206">
         <name>_getenv</name>
         <value>0x21ae7</value>
         <object_component_ref idref="oc-a3"/>
      </symbol>
      <symbol id="sm-207">
         <name>_HOSTrename</name>
         <value>0x21cb7</value>
         <object_component_ref idref="oc-a3"/>
      </symbol>
      <symbol id="sm-208">
         <name>_HOSTclock</name>
         <value>0x21fb1</value>
         <object_component_ref idref="oc-a3"/>
      </symbol>
      <symbol id="sm-209">
         <name>_HOSTwrite</name>
         <value>0x21b62</value>
         <object_component_ref idref="oc-a3"/>
      </symbol>
      <symbol id="sm-20a">
         <name>_HOSTlseek</name>
         <value>0x21e91</value>
         <object_component_ref idref="oc-a3"/>
      </symbol>
      <symbol id="sm-20b">
         <name>_HOSTunlink</name>
         <value>0x21bef</value>
         <object_component_ref idref="oc-a3"/>
      </symbol>
      <symbol id="sm-20c">
         <name>_HOSTclose</name>
         <value>0x21f46</value>
         <object_component_ref idref="oc-a3"/>
      </symbol>
      <symbol id="sm-21e">
         <name>C$$IO$$</name>
         <value>0x238cd</value>
         <object_component_ref idref="oc-ab"/>
      </symbol>
      <symbol id="sm-21f">
         <name>__CIOBUF_</name>
         <value>0x40000</value>
         <object_component_ref idref="oc-aa"/>
      </symbol>
      <symbol id="sm-220">
         <name>_readmsg</name>
         <value>0x23cdb</value>
         <object_component_ref idref="oc-a8"/>
      </symbol>
      <symbol id="sm-221">
         <name>_writemsg</name>
         <value>0x23818</value>
         <object_component_ref idref="oc-ab"/>
      </symbol>
      <symbol id="sm-229">
         <name>__remu</name>
         <value>0x240e1</value>
         <object_component_ref idref="oc-ae"/>
      </symbol>
      <symbol id="sm-22a">
         <name>__divu</name>
         <value>0x240cc</value>
         <object_component_ref idref="oc-ae"/>
      </symbol>
      <symbol id="sm-22b">
         <name>I$$UMOD</name>
         <value>0x240e1</value>
         <object_component_ref idref="oc-ae"/>
      </symbol>
      <symbol id="sm-22c">
         <name>I$$UDIV</name>
         <value>0x240cc</value>
         <object_component_ref idref="oc-ae"/>
      </symbol>
      <symbol id="sm-236">
         <name>__rd_ok</name>
         <value>0x236f9</value>
         <object_component_ref idref="oc-b2"/>
      </symbol>
      <symbol id="sm-237">
         <name>__wrt_ok</name>
         <value>0x23679</value>
         <object_component_ref idref="oc-b2"/>
      </symbol>
      <symbol id="sm-241">
         <name>__addd</name>
         <value>0x22d6d</value>
         <object_component_ref idref="oc-b6"/>
      </symbol>
      <symbol id="sm-24b">
         <name>__divli</name>
         <value>0x23fa9</value>
         <object_component_ref idref="oc-ba"/>
      </symbol>
      <symbol id="sm-255">
         <name>__doflush</name>
         <value>0x23756</value>
         <object_component_ref idref="oc-be"/>
      </symbol>
      <symbol id="sm-256">
         <name>_fflush</name>
         <value>0x237bf</value>
         <object_component_ref idref="oc-be"/>
      </symbol>
      <symbol id="sm-260">
         <name>__frcmpyd</name>
         <value>0x23b11</value>
         <object_component_ref idref="oc-c2"/>
      </symbol>
      <symbol id="sm-26a">
         <name>_fseek</name>
         <value>0x23d48</value>
         <object_component_ref idref="oc-c6"/>
      </symbol>
      <symbol id="sm-274">
         <name>_setvbuf</name>
         <value>0x23593</value>
         <object_component_ref idref="oc-ca"/>
      </symbol>
      <symbol id="sm-283">
         <name>__cleanup</name>
         <value>0x229b1</value>
         <object_component_ref idref="oc-ce"/>
      </symbol>
      <symbol id="sm-284">
         <name>_fopen</name>
         <value>0x22ad4</value>
         <object_component_ref idref="oc-ce"/>
      </symbol>
      <symbol id="sm-285">
         <name>_freopen</name>
         <value>0x22a0b</value>
         <object_component_ref idref="oc-ce"/>
      </symbol>
      <symbol id="sm-295">
         <name>__sys_memory</name>
         <value>0x30c0</value>
         <object_component_ref idref="oc-d8"/>
      </symbol>
      <symbol id="sm-296">
         <name>_chkheap</name>
         <value>0x22496</value>
         <object_component_ref idref="oc-d4"/>
      </symbol>
      <symbol id="sm-297">
         <name>_realloc</name>
         <value>0x22235</value>
         <object_component_ref idref="oc-d4"/>
      </symbol>
      <symbol id="sm-298">
         <name>_free_memory</name>
         <value>0x22440</value>
         <object_component_ref idref="oc-d4"/>
      </symbol>
      <symbol id="sm-299">
         <name>_max_free</name>
         <value>0x223e6</value>
         <object_component_ref idref="oc-d4"/>
      </symbol>
      <symbol id="sm-29a">
         <name>_free</name>
         <value>0x2200f</value>
         <object_component_ref idref="oc-d4"/>
      </symbol>
      <symbol id="sm-29b">
         <name>_calloc</name>
         <value>0x2249e</value>
         <object_component_ref idref="oc-d4"/>
      </symbol>
      <symbol id="sm-29c">
         <name>_malloc</name>
         <value>0x22140</value>
         <object_component_ref idref="oc-d4"/>
      </symbol>
      <symbol id="sm-29d">
         <name>_minit</name>
         <value>0x220db</value>
         <object_component_ref idref="oc-d4"/>
      </symbol>
      <symbol id="sm-2a7">
         <name>_fclose</name>
         <value>0x23a96</value>
         <object_component_ref idref="oc-db"/>
      </symbol>
      <symbol id="sm-2b1">
         <name>_remove</name>
         <value>0x2417c</value>
         <object_component_ref idref="oc-df"/>
      </symbol>
   </symbol_table>
</link_info>
