******************************************************************************
              TMS320C55x Linker Unix v4.4.1                    
******************************************************************************
>> Linked Fri Oct 29 12:30:45 2021

OUTPUT FILE NAME:   <lab4.out>
ENTRY POINT SYMBOL: "_c_int00"  address: 0002406e


MEMORY CONFIGURATION

         name            origin    length      used     unused   attr    fill
                        (bytes)   (bytes)    (bytes)   (bytes)
----------------------  --------  ---------  --------  --------  ----  --------
PAGE 0:
  MMR                   00000000   000000c0  00000000  000000c0  RWIX
  DARAM0                000000c0   0000ff40  000057e8  0000a758  RWIX
  SARAM0                00010000   00010000  00000000  00010000  RWIX
  SARAM1                00020000   00020000  00004190  0001be70  RWIX
  SARAM2                00040000   0000fe00  00000382  0000fa7e  RWIX
  VECS                  0004fe00   00000200  00000100  00000100  RWIX
  PDROM                 00ff8000   00008000  00000000  00008000  R IX

PAGE 2:
  IOPORT                00000000   00020000  00000000  00020000  RWI 


SECTION ALLOCATION MAP
(Addresses surrounded by []'s are displayed for convenience only!)

output                                                          attributes/
section   page  orgn(bytes) orgn(words) len(bytes) len(words)   input sections
--------  ----  ----------- ----------- ---------- ----------   --------------
.pinit       0   [ 00040000 ]  00020000          *   00000000   UNINITIALIZED

.stack       0   [ 000000c0 ]  00000060          *   00001000   UNINITIALIZED
                 [ 000000c0 ]  00000060          *   00001000   --HOLE--

.data        0   [ 000000c0 ]  00000060          *   00000000   UNINITIALIZED

.sysstack 
*            0   [ 000020c0 ]  00001060          *   00000800   UNINITIALIZED
                 [ 000020c0 ]  00001060          *   00000800   --HOLE--

.sysmem      0   [ 000030c0 ]  00001860          *   00001000   UNINITIALIZED
                 [ 000030c0 ]  00001860          *   00001000   --HOLE--

.bss.1       0   [ 000050c0 ]  00002860          *   0000025b   UNINITIALIZED
                 [ 000050c0 ]  00002860          *   00000119   rts55x.lib : defs.obj (.bss)
                 [ 000052f2 ]  00002979          *   000000d0              : trgdrv.obj (.bss)
                 [ 00005492 ]  00002a49          *   00000001              : fopen.obj (.bss)
                 [ 00005494 ]  00002a4a          *   00000071              : lowlev.obj (.bss)

.bss.2       0   [ 00005578 ]  00002abc          *   00000043   UNINITIALIZED
                 [ 00005578 ]  00002abc          *   00000043   main.obj (.bss)

.bss.3       0   [ 00005600 ]  00002b00          *   0000000e   UNINITIALIZED
                 [ 00005600 ]  00002b00          *   00000006   rts55x.lib : memory.obj (.bss)
                 [ 0000560c ]  00002b06          *   00000004              : _lock.obj (.bss)
                 [ 00005614 ]  00002b0a          *   00000004              : exit.obj (.bss)

.const.1     0   [ 0000561c ]  00002b0e          *   00000101   
                 [ 0000561c ]  00002b0e          *   00000101   rts55x.lib : ctype.obj (.const:__ctypes_)

.const.2     0   [ 00005820 ]  00002c10          *   00000043   
                 [ 00005820 ]  00002c10          *   00000024   rts55x.lib : _printfi.obj (.const:.string)
                 [ 00005868 ]  00002c34          *   0000000c              : _printfi.obj (.const)
                 [ 00005880 ]  00002c40          *   0000000b   main.obj (.const:.string)
                 [ 00005896 ]  00002c4b          *   00000008   rts55x.lib : divd.obj (.const:_initial_approx$1)

.const.3     0   [ 000058a8 ]  00002c54          *   00000004   
                 [ 000058a8 ]  00002c54          *   00000002   rts55x.lib : fputs.obj (.const:.string)
                 [ 000058ac ]  00002c56          *   00000002              : fltlid.obj (.const)

.text        0     00020000  [ 00010000 ] 00004190          *   
                   00020000  [ 00010000 ] 000015a4          *   rts55x.lib : _printfi.obj (.text)
                   000215a4  [ 00010ad2 ] 00000543          *              : lowlev.obj (.text)
                   00021ae7  [ 00010d73+] 00000528          *              : trgdrv.obj (.text)
                   0002200f  [ 00011007+] 000004b5          *              : memory.obj (.text)
                   000224c4  [ 00011262 ] 000003cc          *              : divd.obj (.text)
                   00022890  [ 00011448 ] 0000027f          *              : fopen.obj (.text)
                   00022b0f  [ 00011587+] 0000025e          *              : llmpy.obj (.text)
                   00022d6d  [ 000116b6+] 0000025a          *              : addd.obj (.text)
                   00022fc7  [ 000117e3+] 000001ea          *              : cmpd.obj (.text)
                   000231b1  [ 000118d8+] 00000163          *              : fputs.obj (.text)
                   00023314  [ 0001198a ] 0000014c          *              : mpyd.obj (.text)
                   00023460  [ 00011a30 ] 00000133          *   main.obj (.text)
                   00023593  [ 00011ac9+] 000000e6          *   rts55x.lib : setvbuf.obj (.text)
                   00023679  [ 00011b3c+] 000000dd          *              : _io_perm.obj (.text)
                   00023756  [ 00011bab ] 000000c2          *              : fflush.obj (.text)
                   00023818  [ 00011c0c ] 000000ba          *              : trgmsg.obj (.text:CIO_breakpoint)
                   000238d2  [ 00011c69 ] 000000a6          *              : fputc.obj (.text)
                   00023978  [ 00011cbc ] 000000a1          *              : divul.obj (.text)
                   00023a19  [ 00011d0c+] 0000007d          *              : ltoa.obj (.text)
                   00023a96  [ 00011d4b ] 0000007b          *              : fclose.obj (.text)
                   00023b11  [ 00011d88+] 00000076          *              : frcmpyd.obj (.text)
                   00023b87  [ 00011dc3+] 00000073          *              : frcmpyd_div.obj (.text)
                   00023bfa  [ 00011dfd ] 00000072          *              : remul.obj (.text)
                   00023c6c  [ 00011e36 ] 0000006f          *              : fixdli.obj (.text)
                   00023cdb  [ 00011e6d+] 0000006d          *              : trgmsg.obj (.text)
                   00023d48  [ 00011ea4 ] 0000006b          *              : fseek.obj (.text)
                   00023db3  [ 00011ed9+] 00000067          *              : fltlid.obj (.text)
                   00023e1a  [ 00011f0d ] 0000005c          *              : atoi.obj (.text)
                   00023e76  [ 00011f3b ] 00000050          *              : printf.obj (.text)
                   00023ec6  [ 00011f63 ] 0000004d          *              : autoinit.obj (.text)
                   00023f13  [ 00011f89+] 0000004b          *              : args_main.obj (.text)
                   00023f5e  [ 00011faf ] 0000004b          *              : remli.obj (.text)
                   00023fa9  [ 00011fd4+] 00000048          *              : divli.obj (.text)
                   00023ff1  [ 00011ff8+] 0000003f          *              : memcpy.obj (.text)
                   00024030  [ 00012018 ] 0000003e          *              : exit.obj (.text)
                   0002406e  [ 00012037 ] 00000034          *              : boot.obj (.text)
                   000240a2  [ 00012051 ] 0000002a          *              : fixdi.obj (.text)
                   000240cc  [ 00012066 ] 0000002a          *              : udiv.obj (.text)
                   000240f6  [ 0001207b ] 00000023          *              : memccpy.obj (.text)
                   00024119  [ 0001208c+] 0000001a          *              : isinf.obj (.text)
                   00024133  [ 00012099+] 00000014          *              : subd.obj (.text)
                   00024147  [ 000120a3+] 00000013          *              : lmpy.obj (.text)
                   0002415a  [ 000120ad ] 00000012          *              : _lock.obj (.text)
                   0002416c  [ 000120b6 ] 00000010          *              : negd.obj (.text)
                   0002417c  [ 000120be ] 0000000a          *              : remove.obj (.text)
                   00024186  [ 000120c3 ] 00000007          *              : exit.obj (.text:CIO_breakpoint)
                   0002418d  [ 000120c6+] 00000002          *              : vectors.obj (.text)
                   0002418f  [ 000120c7 ] 00000001          *   --HOLE-- [fill = 20]

.cio         0   [ 00040000 ]  00020000          *   00000120   UNINITIALIZED
                 [ 00040000 ]  00020000          *   00000120   rts55x.lib : trgmsg.obj (.cio)

.cinit       0   [ 00040240 ]  00020120          *   000000a1   
                 [ 00040240 ]  00020120          *   0000002d   main.obj (.cinit)
                 [ 0004029a ]  0002014d          *   0000002d   rts55x.lib : lowlev.obj (.cinit)
                 [ 000402f4 ]  0002017a          *   0000002a              : defs.obj (.cinit)
                 [ 00040348 ]  000201a4          *   0000000a              : _lock.obj (.cinit)
                 [ 0004035c ]  000201ae          *   0000000a              : exit.obj (.cinit)
                 [ 00040370 ]  000201b8          *   00000004              : fopen.obj (.cinit)
                 [ 00040378 ]  000201bc          *   00000004              : memory.obj (.cinit)
                 [ 00040380 ]  000201c0          *   00000001   --HOLE-- [fill = 0]

vectors      0     0004fe00  [ 00027f00 ] 00000100          *   
                   0004fe00  [ 00027f00 ] 00000100          *   rts55x.lib : vectors.obj (vectors)


GLOBAL SYMBOLS: SORTED ALPHABETICALLY BY Name 

abs. value/
byte addr   word addr   name
---------   ---------   ----
00000002                $TI_capability$C5500$CallingConvention
00000002                $TI_capability$C5500$MemoryModel
00000001                $TI_capability_requires_rev3
ffffffff                .bss
ffffffff                .data
ffffffff                .text
00024187                C$$EXIT
000238cd                C$$IO$$
00024147                I$$LMPY
000240cc                I$$UDIV
000240e1                I$$UMOD
00021fb1                _HOSTclock
00021f46                _HOSTclose
00021e91                _HOSTlseek
00021df2                _HOSTopen
00021d65                _HOSTread
00021cb7                _HOSTrename
00021c59                _HOSTtime
00021bef                _HOSTunlink
00021b62                _HOSTwrite
0004fe00                _Reset
            00020000    __CIOBUF_
            00001060    __STACK_END
00002000                __STACK_SIZE
00002000                __SYSMEM_SIZE
00001000                __SYSSTACK_SIZE
00000001                __TI_args_main
ffffffff                ___binit__
ffffffff                ___bss__
ffffffff                ___c_args__
            00020120    ___cinit__
ffffffff                ___data__
ffffffff                ___edata__
ffffffff                ___end__
ffffffff                ___etext__
00024119                ___isinf
ffffffff                ___pinit__
ffffffff                ___text__
00022d6d                __addd
00023f13                __args_main
000229b1                __cleanup
            00002b0a    __cleanup_ptr
00023159                __cmpd
            00002b0e    __ctypes_
000224c4                __divd
00023fa9                __divli
00022d38                __divlli
000240cc                __divu
00023978                __divul
00022c44                __divull
00023756                __doflush
            00002b0c    __dtors_ptr
00023125                __eqld
000240a2                __fixdi
00023c6c                __fixdli
00023db3                __fltlid
00023b11                __frcmpyd
00023b87                __frcmpyd_div
            00002978    __ft_end
            00002860    __ftable
000230db                __geqd
00023090                __gtrd
00023043                __leqd
            00002b06    __lock
00022ffb                __lssd
00023314                __mpyd
00024147                __mpyli
00022b8c                __mpylli
0002416c                __negd
00022fc7                __neqd
0002416a                __nop
00021362                __printfi
000236f9                __rd_ok
00024162                __register_lock
0002415a                __register_unlock
00023f5e                __remli
00022b5d                __remlli
000240e1                __remu
00023bfa                __remul
00022b0f                __remull
            00000060    __stack
00024133                __subd
            00001860    __sys_memory
            00001060    __sysstack
            000028d8    __tmpnams
            00002b08    __unlock
00023679                __wrt_ok
00024186                _abort
000219f7                _add_device
            00002ac8    _array
00023e1a                _atoi
00023ec6                _auto_init
0002406e                _c_int00
0002249e                _calloc
00022496                _chkheap
00021984                _close
            00002ae4    _coeff
            00002ae6    _coefs
00024030                _exit
00023a96                _fclose
000237bf                _fflush
0002197b                _find_registered_device
00022ad4                _fopen
000238d2                _fputc
000231b1                _fputs
0002200f                _free
00022440                _free_memory
00022a0b                _freopen
00023d48                _fseek
00021ae7                _getenv
            00002ae0    _inPtr
            00002adf    _input
00023460                _linearbuff
00021915                _lseek
00023a19                _ltoa
000234f2                _main
00022140                _malloc
000223e6                _max_free
000240f6                _memccpy
00023ff1                _memcpy
000220db                _minit
00021856                _open
            00002ae2    _outPtr
            00002af2    _output
00023e76                _printf
000238d2                _putc
00023969                _putchar
000232e6                _puts
000217a8                _read
00023cdb                _readmsg
00022235                _realloc
0002417c                _remove
00021772                _remove_device
00021719                _rename
00023593                _setvbuf
000216e6                _unlink
000215a4                _write
00023818                _writemsg
            00002abc    _x
ffffffff                binit
            00020120    cinit
ffffffff                edata
ffffffff                end
ffffffff                etext
ffffffff                pinit


GLOBAL SYMBOLS: SORTED BY Symbol Address 

abs. value/
byte addr   word addr   name
---------   ---------   ----
00000001                $TI_capability_requires_rev3
00000001                __TI_args_main
00000002                $TI_capability$C5500$CallingConvention
00000002                $TI_capability$C5500$MemoryModel
            00000060    __stack
00001000                __SYSSTACK_SIZE
00002000                __STACK_SIZE
00002000                __SYSMEM_SIZE
            00001060    __STACK_END
            00001060    __sysstack
            00001860    __sys_memory
            00002860    __ftable
            000028d8    __tmpnams
            00002978    __ft_end
            00002abc    _x
            00002ac8    _array
            00002adf    _input
            00002ae0    _inPtr
            00002ae2    _outPtr
            00002ae4    _coeff
            00002ae6    _coefs
            00002af2    _output
            00002b06    __lock
            00002b08    __unlock
            00002b0a    __cleanup_ptr
            00002b0c    __dtors_ptr
            00002b0e    __ctypes_
00021362                __printfi
000215a4                _write
000216e6                _unlink
00021719                _rename
00021772                _remove_device
000217a8                _read
00021856                _open
00021915                _lseek
0002197b                _find_registered_device
00021984                _close
000219f7                _add_device
00021ae7                _getenv
00021b62                _HOSTwrite
00021bef                _HOSTunlink
00021c59                _HOSTtime
00021cb7                _HOSTrename
00021d65                _HOSTread
00021df2                _HOSTopen
00021e91                _HOSTlseek
00021f46                _HOSTclose
00021fb1                _HOSTclock
0002200f                _free
000220db                _minit
00022140                _malloc
00022235                _realloc
000223e6                _max_free
00022440                _free_memory
00022496                _chkheap
0002249e                _calloc
000224c4                __divd
000229b1                __cleanup
00022a0b                _freopen
00022ad4                _fopen
00022b0f                __remull
00022b5d                __remlli
00022b8c                __mpylli
00022c44                __divull
00022d38                __divlli
00022d6d                __addd
00022fc7                __neqd
00022ffb                __lssd
00023043                __leqd
00023090                __gtrd
000230db                __geqd
00023125                __eqld
00023159                __cmpd
000231b1                _fputs
000232e6                _puts
00023314                __mpyd
00023460                _linearbuff
000234f2                _main
00023593                _setvbuf
00023679                __wrt_ok
000236f9                __rd_ok
00023756                __doflush
000237bf                _fflush
00023818                _writemsg
000238cd                C$$IO$$
000238d2                _fputc
000238d2                _putc
00023969                _putchar
00023978                __divul
00023a19                _ltoa
00023a96                _fclose
00023b11                __frcmpyd
00023b87                __frcmpyd_div
00023bfa                __remul
00023c6c                __fixdli
00023cdb                _readmsg
00023d48                _fseek
00023db3                __fltlid
00023e1a                _atoi
00023e76                _printf
00023ec6                _auto_init
00023f13                __args_main
00023f5e                __remli
00023fa9                __divli
00023ff1                _memcpy
00024030                _exit
0002406e                _c_int00
000240a2                __fixdi
000240cc                I$$UDIV
000240cc                __divu
000240e1                I$$UMOD
000240e1                __remu
000240f6                _memccpy
00024119                ___isinf
00024133                __subd
00024147                I$$LMPY
00024147                __mpyli
0002415a                __register_unlock
00024162                __register_lock
0002416a                __nop
0002416c                __negd
0002417c                _remove
00024186                _abort
00024187                C$$EXIT
            00020000    __CIOBUF_
            00020120    ___cinit__
            00020120    cinit
0004fe00                _Reset
ffffffff                .bss
ffffffff                .data
ffffffff                .text
ffffffff                ___binit__
ffffffff                ___bss__
ffffffff                ___c_args__
ffffffff                ___data__
ffffffff                ___edata__
ffffffff                ___end__
ffffffff                ___etext__
ffffffff                ___pinit__
ffffffff                ___text__
ffffffff                binit
ffffffff                edata
ffffffff                end
ffffffff                etext
ffffffff                pinit

[145 symbols]
