******************************************************************************
              TMS320C55x Linker Unix v4.4.1                    
******************************************************************************
>> Linked Fri Oct 22 13:08:15 2021

OUTPUT FILE NAME:   <lab3.out>
ENTRY POINT SYMBOL: "_c_int00"  address: 0002079e


MEMORY CONFIGURATION

         name            origin    length      used     unused   attr    fill
                        (bytes)   (bytes)    (bytes)   (bytes)
----------------------  --------  ---------  --------  --------  ----  --------
PAGE 0:
  MMR                   00000000   000000c0  00000000  000000c0  RWIX
  DARAM0                000000c0   0000ff40  0000359e  0000c9a2  RWIX
  SARAM0                00010000   00010000  00000000  00010000  RWIX
  SARAM1                00020000   00020000  00000824  0001f7dc  RWIX
  SARAM2                00040000   0000fe00  0000002a  0000fdd6  RWIX
  VECS                  0004fe00   00000200  00000100  00000100  RWIX
  PDROM                 00ff8000   00008000  00000000  00008000  R IX

PAGE 2:
  IOPORT                00000000   00020000  00000000  00020000  RWI 


SECTION ALLOCATION MAP
(Addresses surrounded by []'s are displayed for convenience only!)

output                                                          attributes/
section   page  orgn(bytes) orgn(words) len(bytes) len(words)   input sections
--------  ----  ----------- ----------- ---------- ----------   --------------
.pinit       0   [ 00040000 ]  00020000          *   00000000   UNINITIALIZED

.stack       0   [ 000000c0 ]  00000060          *   00001000   UNINITIALIZED
                 [ 000000c0 ]  00000060          *   00001000   --HOLE--

.data        0   [ 000000c0 ]  00000060          *   00000000   UNINITIALIZED

.sysstack 
*            0   [ 000020c0 ]  00001060          *   00000800   UNINITIALIZED
                 [ 000020c0 ]  00001060          *   00000800   --HOLE--

.bss.1       0   [ 000030c0 ]  00001860          *   000002bf   UNINITIALIZED
                 [ 000030c0 ]  00001860          *   000002bf   main.obj (.bss)

.bss.2       0   [ 00003640 ]  00001b20          *   00000008   UNINITIALIZED
                 [ 00003640 ]  00001b20          *   00000004   rts55x.lib : _lock.obj (.bss)
                 [ 00003648 ]  00001b24          *   00000004              : exit.obj (.bss)

.const       0   [ 00003650 ]  00001b28          *   00000008   
                 [ 00003650 ]  00001b28          *   00000006   main.obj (.const)
                 [ 0000365c ]  00001b2e          *   00000002   rts55x.lib : fltlid.obj (.const)

.text        0     00020000  [ 00010000 ] 00000824          *   
                   00020000  [ 00010000 ] 0000025a          *   rts55x.lib : addd.obj (.text)
                   0002025a  [ 0001012d ] 00000182          *   main.obj (.text)
                   000203dc  [ 000101ee ] 0000014c          *   rts55x.lib : mpyd.obj (.text)
                   00020528  [ 00010294 ] 00000076          *              : frcmpyd.obj (.text)
                   0002059e  [ 000102cf ] 0000006f          *              : fixdli.obj (.text)
                   0002060d  [ 00010306+] 00000067          *              : fltlid.obj (.text)
                   00020674  [ 0001033a ] 00000054          *   usbstk5515bsl.lib : usbstk5515.obj (.text)
                   000206c8  [ 00010364 ] 0000004d          *   rts55x.lib : autoinit.obj (.text)
                   00020715  [ 0001038a+] 0000004b          *              : args_main.obj (.text)
                   00020760  [ 000103b0 ] 0000003e          *              : exit.obj (.text)
                   0002079e  [ 000103cf ] 00000034          *              : boot.obj (.text)
                   000207d2  [ 000103e9 ] 0000002a          *              : fixdi.obj (.text)
                   000207fc  [ 000103fe ] 00000012          *              : _lock.obj (.text)
                   0002080e  [ 00010407 ] 0000000c          *              : fltid.obj (.text)
                   0002081a  [ 0001040d ] 00000007          *              : exit.obj (.text:CIO_breakpoint)
                   00020821  [ 00010410+] 00000002          *              : vectors.obj (.text)
                   00020823  [ 00010411 ] 00000001          *   --HOLE-- [fill = 20]

.cinit       0   [ 00040000 ]  00020000          *   00000015   
                 [ 00040000 ]  00020000          *   0000000a   rts55x.lib : _lock.obj (.cinit)
                 [ 00040014 ]  0002000a          *   0000000a              : exit.obj (.cinit)
                 [ 00040028 ]  00020014          *   00000001   --HOLE-- [fill = 0]

vectors      0     0004fe00  [ 00027f00 ] 00000100          *   
                   0004fe00  [ 00027f00 ] 00000100          *   rts55x.lib : vectors.obj (vectors)


GLOBAL SYMBOLS: SORTED ALPHABETICALLY BY Name 

abs. value/
byte addr   word addr   name
---------   ---------   ----
00000002                $TI_capability$C5500$CallingConvention
00000002                $TI_capability$C5500$MemoryModel
00000001                $TI_capability_requires_rev3
ffffffff                .bss
ffffffff                .data
ffffffff                .text
0002081b                C$$EXIT
0004fe00                _Reset
000206ba                _USBSTK5515_init
00020674                _USBSTK5515_wait
000206a8                _USBSTK5515_waitusec
            00001060    __STACK_END
00002000                __STACK_SIZE
00001000                __SYSSTACK_SIZE
00000001                __TI_args_main
ffffffff                ___binit__
ffffffff                ___bss__
ffffffff                ___c_args__
            00020000    ___cinit__
ffffffff                ___data__
ffffffff                ___edata__
ffffffff                ___end__
ffffffff                ___etext__
ffffffff                ___pinit__
ffffffff                ___text__
00020000                __addd
00020715                __args_main
            00001b24    __cleanup_ptr
            00001b26    __dtors_ptr
000207d2                __fixdi
0002059e                __fixdli
0002080e                __fltid
0002060d                __fltlid
00020528                __frcmpyd
            00001b20    __lock
000203dc                __mpyd
0002080c                __nop
00020804                __register_lock
000207fc                __register_unlock
            00000060    __stack
            00001060    __sysstack
            00001b22    __unlock
0002081a                _abort
000206c8                _auto_init
0002079e                _c_int00
000202ee                _compute_fixed
0002025a                _compute_floating
00020760                _exit
000203b2                _main
            00001ab8    _temp1
            00001aba    _temp2
            000019f0    _x
            00001860    _x_floating
            00001abb    _xf
            00001a54    _y
            00001928    _y_floating
ffffffff                binit
            00020000    cinit
ffffffff                edata
ffffffff                end
ffffffff                etext
ffffffff                pinit


GLOBAL SYMBOLS: SORTED BY Symbol Address 

abs. value/
byte addr   word addr   name
---------   ---------   ----
00000001                $TI_capability_requires_rev3
00000001                __TI_args_main
00000002                $TI_capability$C5500$CallingConvention
00000002                $TI_capability$C5500$MemoryModel
            00000060    __stack
00001000                __SYSSTACK_SIZE
00002000                __STACK_SIZE
            00001060    __STACK_END
            00001060    __sysstack
            00001860    _x_floating
            00001928    _y_floating
            000019f0    _x
            00001a54    _y
            00001ab8    _temp1
            00001aba    _temp2
            00001abb    _xf
            00001b20    __lock
            00001b22    __unlock
            00001b24    __cleanup_ptr
            00001b26    __dtors_ptr
00020000                __addd
0002025a                _compute_floating
000202ee                _compute_fixed
000203b2                _main
000203dc                __mpyd
00020528                __frcmpyd
0002059e                __fixdli
0002060d                __fltlid
00020674                _USBSTK5515_wait
000206a8                _USBSTK5515_waitusec
000206ba                _USBSTK5515_init
000206c8                _auto_init
00020715                __args_main
00020760                _exit
0002079e                _c_int00
000207d2                __fixdi
000207fc                __register_unlock
00020804                __register_lock
0002080c                __nop
0002080e                __fltid
0002081a                _abort
0002081b                C$$EXIT
            00020000    ___cinit__
            00020000    cinit
0004fe00                _Reset
ffffffff                .bss
ffffffff                .data
ffffffff                .text
ffffffff                ___binit__
ffffffff                ___bss__
ffffffff                ___c_args__
ffffffff                ___data__
ffffffff                ___edata__
ffffffff                ___end__
ffffffff                ___etext__
ffffffff                ___pinit__
ffffffff                ___text__
ffffffff                binit
ffffffff                edata
ffffffff                end
ffffffff                etext
ffffffff                pinit

[62 symbols]
